[2026-09-23-15:26:21.722] [INFO] [AscendProfiler_ProfilingParser:97] Profiler logger initialized at: /data/tianchi/practice_12_kv_block_reuse/results/2026-09-23-run06-graph-resources/profiler/rank0_565682_20260923152620777_ascend_pt/logs/profiler_20260923152621_566167_ProfilingParser.log
[2026-09-23-15:26:21.760] [INFO] [AscendProfiler_ProfilingParser:100] TorchOpParser start.
[2026-09-23-15:26:21.760] [INFO] [AscendProfiler_ProfilingParser:82] TaskQueueParser start.
[2026-09-23-15:26:21.789] [INFO] [AscendProfiler_ProfilingParser:162] CANNTimelineParser start.
[2026-09-23-15:26:21.931] [INFO] [AscendProfiler_ProfilingParser:106] TorchOpParser finish.
[2026-09-23-15:26:21.969] [INFO] [AscendProfiler_ProfilingParser:88] TaskQueueParser finish.
[2026-09-23-15:26:21.969] [INFO] [AscendProfiler_ProfilingParser:62] TreeBuildParser start.
[2026-09-23-15:26:22.001] [INFO] [AscendProfiler_ProfilingParser:118] DbPreParser start.
[2026-09-23-15:26:22.218] [INFO] [AscendProfiler_ProfilingParser:70] TreeBuildParser finish.
[2026-09-23-15:26:22.249] [INFO] [AscendProfiler_ProfilingParser:62] MemoryPrepareParser start.
[2026-09-23-15:26:22.335] [INFO] [AscendProfiler_ProfilingParser:129] DbPreParser finish.
[2026-09-23-15:26:22.335] [INFO] [AscendProfiler_ProfilingParser:75] MemoryPrepareParser finish.
[2026-09-23-15:26:23.236] [INFO] [AscendProfiler_ProfilingParser:172] CANNTimelineParser finish.
[2026-09-23-15:26:23.263] [INFO] [AscendProfiler_ProfilingParser:31] RelationParser start.
[2026-09-23-15:26:23.375] [INFO] [AscendProfiler_ProfilingParser:38] RelationParser finish.
[2026-09-23-15:26:24.337] [INFO] [AscendProfiler_ProfilingParser:40] DbParser start.
[2026-09-23-15:26:24.338] [INFO] [AscendProfiler_ProfilingParser:27] BasicDbParser start.
[2026-09-23-15:26:24.343] [INFO] [AscendProfiler_ProfilingParser:40] BasicDbParser finish.
[2026-09-23-15:26:24.343] [INFO] [AscendProfiler_ProfilingParser:27] FwkApiDbParser start.
[2026-09-23-15:26:24.343] [INFO] [AscendProfiler_ProfilingParser:32] FwkApiDbParser get fwk api data finish.
[2026-09-23-15:26:24.360] [INFO] [AscendProfiler_ProfilingParser:34] FwkApiDbParser get api data for db finish.
[2026-09-23-15:26:24.387] [INFO] [AscendProfiler_ProfilingParser:36] FwkApiDbParser save api data to db finish.
[2026-09-23-15:26:24.387] [INFO] [AscendProfiler_ProfilingParser:40] FwkApiDbParser finish.
[2026-09-23-15:26:24.387] [INFO] [AscendProfiler_ProfilingParser:82] MemoryDbParser start.
[2026-09-23-15:26:24.387] [INFO] [AscendProfiler_ProfilingParser:95] MemoryDbParser finish.
[2026-09-23-15:26:24.388] [INFO] [AscendProfiler_ProfilingParser:33] GCRecordDbParser start.
[2026-09-23-15:26:24.388] [INFO] [AscendProfiler_ProfilingParser:41] GCRecordDbParser finish.
[2026-09-23-15:26:24.388] [INFO] [AscendProfiler_ProfilingParser:36] StepInfoDbParser start.
[2026-09-23-15:26:24.391] [INFO] [AscendProfiler_ProfilingParser:43] StepInfoDbParser finish.
[2026-09-23-15:26:24.391] [INFO] [AscendProfiler_ProfilingParser:80] CommunicationDbParser start.
[2026-09-23-15:26:24.393] [INFO] [AscendProfiler_ProfilingParser:88] CommunicationDbParser finish.
[2026-09-23-15:26:24.393] [INFO] [AscendProfiler_ProfilingParser:74] TraceStepTimeDbParser start.
[2026-09-23-15:26:24.413] [INFO] [AscendProfiler_ProfilingParser:83] TraceStepTimeDbParser finish.
[2026-09-23-15:26:24.413] [INFO] [AscendProfiler_ProfilingParser:64] DbParser finish.
[2026-09-23-15:26:24.915] [INFO] [AscendProfiler_ProfilingParser:473] ============================================================
[2026-09-23-15:26:24.915] [INFO] [AscendProfiler_ProfilingParser:474] Task execution completed
[2026-09-23-15:26:24.915] [INFO] [AscendProfiler_ProfilingParser:475] ============================================================
[2026-09-23-15:26:24.915] [INFO] [AscendProfiler_ProfilingParser:478] torch_op                  | PTHREAD         | Succeed    | 0.187s | deps: None
[2026-09-23-15:26:24.915] [INFO] [AscendProfiler_ProfilingParser:478] task_queue                | PTHREAD         | Succeed    | 0.209s | deps: None
[2026-09-23-15:26:24.915] [INFO] [AscendProfiler_ProfilingParser:478] trace_prepare             | SUB_PROCESS     | Succeed    | 0.310s | deps: torch_op, task_queue
[2026-09-23-15:26:24.915] [INFO] [AscendProfiler_ProfilingParser:478] build_tree                | PTHREAD         | Succeed    | 0.254s | deps: torch_op, task_queue
[2026-09-23-15:26:24.915] [INFO] [AscendProfiler_ProfilingParser:478] export                    | SUB_PROCESS     | Succeed    | 2.052s | deps: None
[2026-09-23-15:26:24.915] [INFO] [AscendProfiler_ProfilingParser:478] timeline                  | PTHREAD|NON_BLOCKING | Succeed    | 1.449s | deps: None
[2026-09-23-15:26:24.915] [INFO] [AscendProfiler_ProfilingParser:478] relation                  | PTHREAD         | Succeed    | 0.113s | deps: task_queue, timeline
[2026-09-23-15:26:24.915] [INFO] [AscendProfiler_ProfilingParser:478] memory_prepare            | PTHREAD         | Succeed    | 0.113s | deps: build_tree, task_queue, torch_op
[2026-09-23-15:26:24.915] [INFO] [AscendProfiler_ProfilingParser:478] analyze                   | SUB_PROCESS     | Succeed    | 1.049s | deps: timeline
[2026-09-23-15:26:24.915] [INFO] [AscendProfiler_ProfilingParser:478] operator                  | SUB_PROCESS     | Succeed    | 0.208s | deps: build_tree, timeline, relation, torch_op
[2026-09-23-15:26:24.915] [INFO] [AscendProfiler_ProfilingParser:478] trace                     | SUB_PROCESS     | Succeed    | 0.196s | deps: build_tree, trace_prepare, timeline, task_queue, torch_op
[2026-09-23-15:26:24.915] [INFO] [AscendProfiler_ProfilingParser:478] kernel                    | SUB_PROCESS     | Succeed    | 0.071s | deps: build_tree, export, relation
[2026-09-23-15:26:24.916] [INFO] [AscendProfiler_ProfilingParser:478] step_time                 | SUB_PROCESS     | Succeed    | 0.130s | deps: build_tree, timeline, relation, torch_op
[2026-09-23-15:26:24.916] [INFO] [AscendProfiler_ProfilingParser:478] memory                    | SUB_PROCESS     | Succeed    | 0.072s | deps: export, memory_prepare
[2026-09-23-15:26:24.916] [INFO] [AscendProfiler_ProfilingParser:478] integrate                 | SUB_PROCESS     | Succeed    | 0.034s | deps: export
[2026-09-23-15:26:24.916] [INFO] [AscendProfiler_ProfilingParser:478] communication             | SUB_PROCESS     | Succeed    | 0.039s | deps: build_tree, analyze, relation
[2026-09-23-15:26:24.916] [INFO] [AscendProfiler_ProfilingParser:478] db_prepare                | PTHREAD         | Succeed    | 0.340s | deps: torch_op, task_queue
[2026-09-23-15:26:24.916] [INFO] [AscendProfiler_ProfilingParser:478] torch_db                  | PTHREAD         | Succeed    | 0.077s | deps: export, memory_prepare, build_tree, analyze, db_prepare
