[2026-09-22-13:51:17.116] [INFO] [AscendProfiler_ProfilingParser:97] Profiler logger initialized at: /data/tianchi/practice_09_operator_trace/results/2026-09-22-run01/profiler/rank0_457065_20260922135116405_ascend_pt/logs/profiler_20260922135117_457539_ProfilingParser.log
[2026-09-22-13:51:17.154] [INFO] [AscendProfiler_ProfilingParser:100] TorchOpParser start.
[2026-09-22-13:51:17.155] [INFO] [AscendProfiler_ProfilingParser:82] TaskQueueParser start.
[2026-09-22-13:51:17.179] [INFO] [AscendProfiler_ProfilingParser:162] CANNTimelineParser start.
[2026-09-22-13:51:17.269] [INFO] [AscendProfiler_ProfilingParser:106] TorchOpParser finish.
[2026-09-22-13:51:17.292] [INFO] [AscendProfiler_ProfilingParser:88] TaskQueueParser finish.
[2026-09-22-13:51:17.293] [INFO] [AscendProfiler_ProfilingParser:62] TreeBuildParser start.
[2026-09-22-13:51:17.293] [INFO] [AscendProfiler_ProfilingParser:118] DbPreParser start.
[2026-09-22-13:51:17.452] [INFO] [AscendProfiler_ProfilingParser:70] TreeBuildParser finish.
[2026-09-22-13:51:17.493] [INFO] [AscendProfiler_ProfilingParser:62] MemoryPrepareParser start.
[2026-09-22-13:51:17.520] [INFO] [AscendProfiler_ProfilingParser:129] DbPreParser finish.
[2026-09-22-13:51:17.536] [INFO] [AscendProfiler_ProfilingParser:75] MemoryPrepareParser finish.
[2026-09-22-13:51:18.609] [INFO] [AscendProfiler_ProfilingParser:172] CANNTimelineParser finish.
[2026-09-22-13:51:18.632] [INFO] [AscendProfiler_ProfilingParser:31] RelationParser start.
[2026-09-22-13:51:18.713] [INFO] [AscendProfiler_ProfilingParser:38] RelationParser finish.
[2026-09-22-13:51:19.709] [INFO] [AscendProfiler_ProfilingParser:40] DbParser start.
[2026-09-22-13:51:19.710] [INFO] [AscendProfiler_ProfilingParser:27] BasicDbParser start.
[2026-09-22-13:51:19.715] [INFO] [AscendProfiler_ProfilingParser:40] BasicDbParser finish.
[2026-09-22-13:51:19.715] [INFO] [AscendProfiler_ProfilingParser:27] FwkApiDbParser start.
[2026-09-22-13:51:19.715] [INFO] [AscendProfiler_ProfilingParser:32] FwkApiDbParser get fwk api data finish.
[2026-09-22-13:51:19.726] [INFO] [AscendProfiler_ProfilingParser:34] FwkApiDbParser get api data for db finish.
[2026-09-22-13:51:19.745] [INFO] [AscendProfiler_ProfilingParser:36] FwkApiDbParser save api data to db finish.
[2026-09-22-13:51:19.745] [INFO] [AscendProfiler_ProfilingParser:40] FwkApiDbParser finish.
[2026-09-22-13:51:19.745] [INFO] [AscendProfiler_ProfilingParser:82] MemoryDbParser start.
[2026-09-22-13:51:19.746] [INFO] [AscendProfiler_ProfilingParser:95] MemoryDbParser finish.
[2026-09-22-13:51:19.746] [INFO] [AscendProfiler_ProfilingParser:33] GCRecordDbParser start.
[2026-09-22-13:51:19.746] [INFO] [AscendProfiler_ProfilingParser:41] GCRecordDbParser finish.
[2026-09-22-13:51:19.746] [INFO] [AscendProfiler_ProfilingParser:36] StepInfoDbParser start.
[2026-09-22-13:51:19.748] [INFO] [AscendProfiler_ProfilingParser:43] StepInfoDbParser finish.
[2026-09-22-13:51:19.748] [INFO] [AscendProfiler_ProfilingParser:80] CommunicationDbParser start.
[2026-09-22-13:51:19.749] [INFO] [AscendProfiler_ProfilingParser:88] CommunicationDbParser finish.
[2026-09-22-13:51:19.750] [INFO] [AscendProfiler_ProfilingParser:74] TraceStepTimeDbParser start.
[2026-09-22-13:51:19.761] [INFO] [AscendProfiler_ProfilingParser:83] TraceStepTimeDbParser finish.
[2026-09-22-13:51:19.761] [INFO] [AscendProfiler_ProfilingParser:64] DbParser finish.
[2026-09-22-13:51:20.262] [INFO] [AscendProfiler_ProfilingParser:473] ============================================================
[2026-09-22-13:51:20.262] [INFO] [AscendProfiler_ProfilingParser:474] Task execution completed
[2026-09-22-13:51:20.263] [INFO] [AscendProfiler_ProfilingParser:475] ============================================================
[2026-09-22-13:51:20.263] [INFO] [AscendProfiler_ProfilingParser:478] torch_op                  | PTHREAD         | Succeed    | 0.130s | deps: None
[2026-09-22-13:51:20.263] [INFO] [AscendProfiler_ProfilingParser:478] task_queue                | PTHREAD         | Succeed    | 0.138s | deps: None
[2026-09-22-13:51:20.263] [INFO] [AscendProfiler_ProfilingParser:478] trace_prepare             | SUB_PROCESS     | Succeed    | 0.215s | deps: torch_op, task_queue
[2026-09-22-13:51:20.263] [INFO] [AscendProfiler_ProfilingParser:478] build_tree                | PTHREAD         | Succeed    | 0.175s | deps: torch_op, task_queue
[2026-09-22-13:51:20.263] [INFO] [AscendProfiler_ProfilingParser:478] export                    | SUB_PROCESS     | Succeed    | 2.048s | deps: None
[2026-09-22-13:51:20.263] [INFO] [AscendProfiler_ProfilingParser:478] timeline                  | PTHREAD|NON_BLOCKING | Succeed    | 1.431s | deps: None
[2026-09-22-13:51:20.263] [INFO] [AscendProfiler_ProfilingParser:478] relation                  | PTHREAD         | Succeed    | 0.082s | deps: task_queue, timeline
[2026-09-22-13:51:20.263] [INFO] [AscendProfiler_ProfilingParser:478] memory_prepare            | PTHREAD         | Succeed    | 0.069s | deps: build_tree, task_queue, torch_op
[2026-09-22-13:51:20.263] [INFO] [AscendProfiler_ProfilingParser:478] analyze                   | SUB_PROCESS     | Succeed    | 1.047s | deps: timeline
[2026-09-22-13:51:20.263] [INFO] [AscendProfiler_ProfilingParser:478] operator                  | SUB_PROCESS     | Succeed    | 0.149s | deps: build_tree, timeline, relation, torch_op
[2026-09-22-13:51:20.263] [INFO] [AscendProfiler_ProfilingParser:478] trace                     | SUB_PROCESS     | Succeed    | 0.150s | deps: build_tree, trace_prepare, timeline, task_queue, torch_op
[2026-09-22-13:51:20.263] [INFO] [AscendProfiler_ProfilingParser:478] kernel                    | SUB_PROCESS     | Succeed    | 0.049s | deps: build_tree, export, relation
[2026-09-22-13:51:20.263] [INFO] [AscendProfiler_ProfilingParser:478] step_time                 | SUB_PROCESS     | Succeed    | 0.085s | deps: build_tree, timeline, relation, torch_op
[2026-09-22-13:51:20.263] [INFO] [AscendProfiler_ProfilingParser:478] memory                    | SUB_PROCESS     | Succeed    | 0.028s | deps: export, memory_prepare
[2026-09-22-13:51:20.263] [INFO] [AscendProfiler_ProfilingParser:478] integrate                 | SUB_PROCESS     | Succeed    | 0.060s | deps: export
[2026-09-22-13:51:20.263] [INFO] [AscendProfiler_ProfilingParser:478] communication             | SUB_PROCESS     | Succeed    | 0.043s | deps: build_tree, analyze, relation
[2026-09-22-13:51:20.264] [INFO] [AscendProfiler_ProfilingParser:478] db_prepare                | PTHREAD         | Succeed    | 0.227s | deps: torch_op, task_queue
[2026-09-22-13:51:20.264] [INFO] [AscendProfiler_ProfilingParser:478] torch_db                  | PTHREAD         | Succeed    | 0.053s | deps: export, memory_prepare, build_tree, analyze, db_prepare
