[2026-09-28-08:45:13.412] [INFO] [AscendProfiler_ProfilingParser:97] Profiler logger initialized at: /data/tianchi/practice_15_kernel_execution_graph/results/2026-09-28-graph-run01/profiler/rank0_1021084_20260928084512198_ascend_pt/logs/profiler_20260928084513_1022687_ProfilingParser.log
[2026-09-28-08:45:13.454] [INFO] [AscendProfiler_ProfilingParser:100] TorchOpParser start.
[2026-09-28-08:45:13.454] [INFO] [AscendProfiler_ProfilingParser:82] TaskQueueParser start.
[2026-09-28-08:45:13.482] [INFO] [AscendProfiler_ProfilingParser:162] CANNTimelineParser start.
[2026-09-28-08:45:13.671] [INFO] [AscendProfiler_ProfilingParser:106] TorchOpParser finish.
[2026-09-28-08:45:13.701] [INFO] [AscendProfiler_ProfilingParser:88] TaskQueueParser finish.
[2026-09-28-08:45:13.729] [INFO] [AscendProfiler_ProfilingParser:62] TreeBuildParser start.
[2026-09-28-08:45:13.730] [INFO] [AscendProfiler_ProfilingParser:118] DbPreParser start.
[2026-09-28-08:45:14.136] [INFO] [AscendProfiler_ProfilingParser:70] TreeBuildParser finish.
[2026-09-28-08:45:14.162] [INFO] [AscendProfiler_ProfilingParser:62] MemoryPrepareParser start.
[2026-09-28-08:45:14.191] [INFO] [AscendProfiler_ProfilingParser:129] DbPreParser finish.
[2026-09-28-08:45:14.232] [INFO] [AscendProfiler_ProfilingParser:75] MemoryPrepareParser finish.
[2026-09-28-08:45:15.042] [INFO] [AscendProfiler_ProfilingParser:172] CANNTimelineParser finish.
[2026-09-28-08:45:15.070] [INFO] [AscendProfiler_ProfilingParser:31] RelationParser start.
[2026-09-28-08:45:15.190] [INFO] [AscendProfiler_ProfilingParser:38] RelationParser finish.
[2026-09-28-08:45:16.122] [INFO] [AscendProfiler_ProfilingParser:40] DbParser start.
[2026-09-28-08:45:16.151] [INFO] [AscendProfiler_ProfilingParser:27] BasicDbParser start.
[2026-09-28-08:45:16.156] [INFO] [AscendProfiler_ProfilingParser:40] BasicDbParser finish.
[2026-09-28-08:45:16.156] [INFO] [AscendProfiler_ProfilingParser:27] FwkApiDbParser start.
[2026-09-28-08:45:16.157] [INFO] [AscendProfiler_ProfilingParser:32] FwkApiDbParser get fwk api data finish.
[2026-09-28-08:45:16.177] [INFO] [AscendProfiler_ProfilingParser:34] FwkApiDbParser get api data for db finish.
[2026-09-28-08:45:16.199] [INFO] [AscendProfiler_ProfilingParser:36] FwkApiDbParser save api data to db finish.
[2026-09-28-08:45:16.199] [INFO] [AscendProfiler_ProfilingParser:40] FwkApiDbParser finish.
[2026-09-28-08:45:16.199] [INFO] [AscendProfiler_ProfilingParser:82] MemoryDbParser start.
[2026-09-28-08:45:16.200] [INFO] [AscendProfiler_ProfilingParser:95] MemoryDbParser finish.
[2026-09-28-08:45:16.200] [INFO] [AscendProfiler_ProfilingParser:33] GCRecordDbParser start.
[2026-09-28-08:45:16.201] [INFO] [AscendProfiler_ProfilingParser:41] GCRecordDbParser finish.
[2026-09-28-08:45:16.201] [INFO] [AscendProfiler_ProfilingParser:36] StepInfoDbParser start.
[2026-09-28-08:45:16.204] [INFO] [AscendProfiler_ProfilingParser:43] StepInfoDbParser finish.
[2026-09-28-08:45:16.205] [INFO] [AscendProfiler_ProfilingParser:80] CommunicationDbParser start.
[2026-09-28-08:45:16.207] [INFO] [AscendProfiler_ProfilingParser:88] CommunicationDbParser finish.
[2026-09-28-08:45:16.207] [INFO] [AscendProfiler_ProfilingParser:74] TraceStepTimeDbParser start.
[2026-09-28-08:45:16.240] [INFO] [AscendProfiler_ProfilingParser:83] TraceStepTimeDbParser finish.
[2026-09-28-08:45:16.240] [INFO] [AscendProfiler_ProfilingParser:64] DbParser finish.
[2026-09-28-08:45:16.742] [INFO] [AscendProfiler_ProfilingParser:473] ============================================================
[2026-09-28-08:45:16.742] [INFO] [AscendProfiler_ProfilingParser:474] Task execution completed
[2026-09-28-08:45:16.742] [INFO] [AscendProfiler_ProfilingParser:475] ============================================================
[2026-09-28-08:45:16.742] [INFO] [AscendProfiler_ProfilingParser:478] torch_op                  | PTHREAD         | Succeed    | 0.238s | deps: None
[2026-09-28-08:45:16.742] [INFO] [AscendProfiler_ProfilingParser:478] task_queue                | PTHREAD         | Succeed    | 0.247s | deps: None
[2026-09-28-08:45:16.742] [INFO] [AscendProfiler_ProfilingParser:478] trace_prepare             | SUB_PROCESS     | Succeed    | 0.429s | deps: torch_op, task_queue
[2026-09-28-08:45:16.743] [INFO] [AscendProfiler_ProfilingParser:478] build_tree                | PTHREAD         | Succeed    | 0.423s | deps: torch_op, task_queue
[2026-09-28-08:45:16.743] [INFO] [AscendProfiler_ProfilingParser:478] export                    | SUB_PROCESS     | Succeed    | 2.055s | deps: None
[2026-09-28-08:45:16.743] [INFO] [AscendProfiler_ProfilingParser:478] timeline                  | PTHREAD|NON_BLOCKING | Succeed    | 1.561s | deps: None
[2026-09-28-08:45:16.743] [INFO] [AscendProfiler_ProfilingParser:478] relation                  | PTHREAD         | Succeed    | 0.121s | deps: task_queue, timeline
[2026-09-28-08:45:16.743] [INFO] [AscendProfiler_ProfilingParser:478] memory_prepare            | PTHREAD         | Succeed    | 0.081s | deps: build_tree, task_queue, torch_op
[2026-09-28-08:45:16.743] [INFO] [AscendProfiler_ProfilingParser:478] analyze                   | SUB_PROCESS     | Succeed    | 1.050s | deps: timeline
[2026-09-28-08:45:16.743] [INFO] [AscendProfiler_ProfilingParser:478] operator                  | SUB_PROCESS     | Succeed    | 0.282s | deps: build_tree, timeline, relation, torch_op
[2026-09-28-08:45:16.743] [INFO] [AscendProfiler_ProfilingParser:478] trace                     | SUB_PROCESS     | Succeed    | 0.202s | deps: build_tree, trace_prepare, timeline, task_queue, torch_op
[2026-09-28-08:45:16.743] [INFO] [AscendProfiler_ProfilingParser:478] kernel                    | SUB_PROCESS     | Succeed    | 0.085s | deps: build_tree, export, relation
[2026-09-28-08:45:16.744] [INFO] [AscendProfiler_ProfilingParser:478] step_time                 | SUB_PROCESS     | Succeed    | 0.172s | deps: build_tree, timeline, relation, torch_op
[2026-09-28-08:45:16.744] [INFO] [AscendProfiler_ProfilingParser:478] memory                    | SUB_PROCESS     | Succeed    | 0.077s | deps: export, memory_prepare
[2026-09-28-08:45:16.744] [INFO] [AscendProfiler_ProfilingParser:478] integrate                 | SUB_PROCESS     | Succeed    | 0.051s | deps: export
[2026-09-28-08:45:16.744] [INFO] [AscendProfiler_ProfilingParser:478] communication             | SUB_PROCESS     | Succeed    | 0.045s | deps: build_tree, analyze, relation
[2026-09-28-08:45:16.744] [INFO] [AscendProfiler_ProfilingParser:478] db_prepare                | PTHREAD         | Succeed    | 0.467s | deps: torch_op, task_queue
[2026-09-28-08:45:16.744] [INFO] [AscendProfiler_ProfilingParser:478] torch_db                  | PTHREAD         | Succeed    | 0.120s | deps: export, memory_prepare, build_tree, analyze, db_prepare
