[2026-09-23-13:03:43.417] [INFO] [AscendProfiler_ProfilingParser:97] Profiler logger initialized at: /data/tianchi/practice_12_kv_block_reuse/results/2026-09-23-run02/profiler/rank0_551451_20260923130342504_ascend_pt/logs/profiler_20260923130343_551918_ProfilingParser.log
[2026-09-23-13:03:43.457] [INFO] [AscendProfiler_ProfilingParser:100] TorchOpParser start.
[2026-09-23-13:03:43.458] [INFO] [AscendProfiler_ProfilingParser:82] TaskQueueParser start.
[2026-09-23-13:03:43.482] [INFO] [AscendProfiler_ProfilingParser:162] CANNTimelineParser start.
[2026-09-23-13:03:43.675] [INFO] [AscendProfiler_ProfilingParser:106] TorchOpParser finish.
[2026-09-23-13:03:43.707] [INFO] [AscendProfiler_ProfilingParser:88] TaskQueueParser finish.
[2026-09-23-13:03:43.731] [INFO] [AscendProfiler_ProfilingParser:62] TreeBuildParser start.
[2026-09-23-13:03:43.732] [INFO] [AscendProfiler_ProfilingParser:118] DbPreParser start.
[2026-09-23-13:03:44.033] [INFO] [AscendProfiler_ProfilingParser:70] TreeBuildParser finish.
[2026-09-23-13:03:44.049] [INFO] [AscendProfiler_ProfilingParser:62] MemoryPrepareParser start.
[2026-09-23-13:03:44.164] [INFO] [AscendProfiler_ProfilingParser:75] MemoryPrepareParser finish.
[2026-09-23-13:03:44.165] [INFO] [AscendProfiler_ProfilingParser:129] DbPreParser finish.
[2026-09-23-13:03:44.967] [INFO] [AscendProfiler_ProfilingParser:172] CANNTimelineParser finish.
[2026-09-23-13:03:44.969] [INFO] [AscendProfiler_ProfilingParser:31] RelationParser start.
[2026-09-23-13:03:45.121] [INFO] [AscendProfiler_ProfilingParser:38] RelationParser finish.
[2026-09-23-13:03:46.040] [INFO] [AscendProfiler_ProfilingParser:40] DbParser start.
[2026-09-23-13:03:46.041] [INFO] [AscendProfiler_ProfilingParser:27] BasicDbParser start.
[2026-09-23-13:03:46.046] [INFO] [AscendProfiler_ProfilingParser:40] BasicDbParser finish.
[2026-09-23-13:03:46.046] [INFO] [AscendProfiler_ProfilingParser:27] FwkApiDbParser start.
[2026-09-23-13:03:46.047] [INFO] [AscendProfiler_ProfilingParser:32] FwkApiDbParser get fwk api data finish.
[2026-09-23-13:03:46.069] [INFO] [AscendProfiler_ProfilingParser:34] FwkApiDbParser get api data for db finish.
[2026-09-23-13:03:46.103] [INFO] [AscendProfiler_ProfilingParser:36] FwkApiDbParser save api data to db finish.
[2026-09-23-13:03:46.103] [INFO] [AscendProfiler_ProfilingParser:40] FwkApiDbParser finish.
[2026-09-23-13:03:46.103] [INFO] [AscendProfiler_ProfilingParser:82] MemoryDbParser start.
[2026-09-23-13:03:46.104] [INFO] [AscendProfiler_ProfilingParser:95] MemoryDbParser finish.
[2026-09-23-13:03:46.104] [INFO] [AscendProfiler_ProfilingParser:33] GCRecordDbParser start.
[2026-09-23-13:03:46.104] [INFO] [AscendProfiler_ProfilingParser:41] GCRecordDbParser finish.
[2026-09-23-13:03:46.104] [INFO] [AscendProfiler_ProfilingParser:36] StepInfoDbParser start.
[2026-09-23-13:03:46.108] [INFO] [AscendProfiler_ProfilingParser:43] StepInfoDbParser finish.
[2026-09-23-13:03:46.108] [INFO] [AscendProfiler_ProfilingParser:80] CommunicationDbParser start.
[2026-09-23-13:03:46.109] [INFO] [AscendProfiler_ProfilingParser:88] CommunicationDbParser finish.
[2026-09-23-13:03:46.109] [INFO] [AscendProfiler_ProfilingParser:74] TraceStepTimeDbParser start.
[2026-09-23-13:03:46.131] [INFO] [AscendProfiler_ProfilingParser:83] TraceStepTimeDbParser finish.
[2026-09-23-13:03:46.131] [INFO] [AscendProfiler_ProfilingParser:64] DbParser finish.
[2026-09-23-13:03:46.633] [INFO] [AscendProfiler_ProfilingParser:473] ============================================================
[2026-09-23-13:03:46.633] [INFO] [AscendProfiler_ProfilingParser:474] Task execution completed
[2026-09-23-13:03:46.633] [INFO] [AscendProfiler_ProfilingParser:475] ============================================================
[2026-09-23-13:03:46.633] [INFO] [AscendProfiler_ProfilingParser:478] torch_op                  | PTHREAD         | Succeed    | 0.233s | deps: None
[2026-09-23-13:03:46.633] [INFO] [AscendProfiler_ProfilingParser:478] task_queue                | PTHREAD         | Succeed    | 0.250s | deps: None
[2026-09-23-13:03:46.633] [INFO] [AscendProfiler_ProfilingParser:478] trace_prepare             | SUB_PROCESS     | Succeed    | 0.390s | deps: torch_op, task_queue
[2026-09-23-13:03:46.633] [INFO] [AscendProfiler_ProfilingParser:478] build_tree                | PTHREAD         | Succeed    | 0.307s | deps: torch_op, task_queue
[2026-09-23-13:03:46.633] [INFO] [AscendProfiler_ProfilingParser:478] export                    | SUB_PROCESS     | Succeed    | 2.050s | deps: None
[2026-09-23-13:03:46.633] [INFO] [AscendProfiler_ProfilingParser:478] timeline                  | PTHREAD|NON_BLOCKING | Succeed    | 1.486s | deps: None
[2026-09-23-13:03:46.633] [INFO] [AscendProfiler_ProfilingParser:478] relation                  | PTHREAD         | Succeed    | 0.153s | deps: task_queue, timeline
[2026-09-23-13:03:46.633] [INFO] [AscendProfiler_ProfilingParser:478] memory_prepare            | PTHREAD         | Succeed    | 0.122s | deps: build_tree, task_queue, torch_op
[2026-09-23-13:03:46.633] [INFO] [AscendProfiler_ProfilingParser:478] analyze                   | SUB_PROCESS     | Succeed    | 1.047s | deps: timeline
[2026-09-23-13:03:46.633] [INFO] [AscendProfiler_ProfilingParser:478] operator                  | SUB_PROCESS     | Succeed    | 0.255s | deps: build_tree, timeline, relation, torch_op
[2026-09-23-13:03:46.633] [INFO] [AscendProfiler_ProfilingParser:478] trace                     | SUB_PROCESS     | Succeed    | 0.204s | deps: build_tree, trace_prepare, timeline, task_queue, torch_op
[2026-09-23-13:03:46.633] [INFO] [AscendProfiler_ProfilingParser:478] kernel                    | SUB_PROCESS     | Succeed    | 0.068s | deps: build_tree, export, relation
[2026-09-23-13:03:46.633] [INFO] [AscendProfiler_ProfilingParser:478] step_time                 | SUB_PROCESS     | Succeed    | 0.140s | deps: build_tree, timeline, relation, torch_op
[2026-09-23-13:03:46.634] [INFO] [AscendProfiler_ProfilingParser:478] memory                    | SUB_PROCESS     | Succeed    | 0.044s | deps: export, memory_prepare
[2026-09-23-13:03:46.634] [INFO] [AscendProfiler_ProfilingParser:478] integrate                 | SUB_PROCESS     | Succeed    | 0.075s | deps: export
[2026-09-23-13:03:46.634] [INFO] [AscendProfiler_ProfilingParser:478] communication             | SUB_PROCESS     | Succeed    | 0.038s | deps: build_tree, analyze, relation
[2026-09-23-13:03:46.634] [INFO] [AscendProfiler_ProfilingParser:478] db_prepare                | PTHREAD         | Succeed    | 0.434s | deps: torch_op, task_queue
[2026-09-23-13:03:46.634] [INFO] [AscendProfiler_ProfilingParser:478] torch_db                  | PTHREAD         | Succeed    | 0.091s | deps: export, memory_prepare, build_tree, analyze, db_prepare
