[2026-09-23-15:22:43.844] [INFO] [AscendProfiler_ProfilingParser:97] Profiler logger initialized at: /data/tianchi/practice_12_kv_block_reuse/results/2026-09-23-run05-eager-resources/profiler/rank0_564314_20260923152242881_ascend_pt/logs/profiler_20260923152243_564782_ProfilingParser.log
[2026-09-23-15:22:43.883] [INFO] [AscendProfiler_ProfilingParser:100] TorchOpParser start.
[2026-09-23-15:22:43.884] [INFO] [AscendProfiler_ProfilingParser:82] TaskQueueParser start.
[2026-09-23-15:22:43.910] [INFO] [AscendProfiler_ProfilingParser:162] CANNTimelineParser start.
[2026-09-23-15:22:44.143] [INFO] [AscendProfiler_ProfilingParser:88] TaskQueueParser finish.
[2026-09-23-15:22:44.146] [INFO] [AscendProfiler_ProfilingParser:106] TorchOpParser finish.
[2026-09-23-15:22:44.148] [INFO] [AscendProfiler_ProfilingParser:118] DbPreParser start.
[2026-09-23-15:22:44.149] [INFO] [AscendProfiler_ProfilingParser:62] TreeBuildParser start.
[2026-09-23-15:22:44.538] [INFO] [AscendProfiler_ProfilingParser:70] TreeBuildParser finish.
[2026-09-23-15:22:44.574] [INFO] [AscendProfiler_ProfilingParser:62] MemoryPrepareParser start.
[2026-09-23-15:22:44.587] [INFO] [AscendProfiler_ProfilingParser:129] DbPreParser finish.
[2026-09-23-15:22:44.623] [INFO] [AscendProfiler_ProfilingParser:75] MemoryPrepareParser finish.
[2026-09-23-15:22:45.424] [INFO] [AscendProfiler_ProfilingParser:172] CANNTimelineParser finish.
[2026-09-23-15:22:45.450] [INFO] [AscendProfiler_ProfilingParser:31] RelationParser start.
[2026-09-23-15:22:45.576] [INFO] [AscendProfiler_ProfilingParser:38] RelationParser finish.
[2026-09-23-15:22:46.498] [INFO] [AscendProfiler_ProfilingParser:40] DbParser start.
[2026-09-23-15:22:46.522] [INFO] [AscendProfiler_ProfilingParser:27] BasicDbParser start.
[2026-09-23-15:22:46.528] [INFO] [AscendProfiler_ProfilingParser:40] BasicDbParser finish.
[2026-09-23-15:22:46.528] [INFO] [AscendProfiler_ProfilingParser:27] FwkApiDbParser start.
[2026-09-23-15:22:46.528] [INFO] [AscendProfiler_ProfilingParser:32] FwkApiDbParser get fwk api data finish.
[2026-09-23-15:22:46.551] [INFO] [AscendProfiler_ProfilingParser:34] FwkApiDbParser get api data for db finish.
[2026-09-23-15:22:46.585] [INFO] [AscendProfiler_ProfilingParser:36] FwkApiDbParser save api data to db finish.
[2026-09-23-15:22:46.585] [INFO] [AscendProfiler_ProfilingParser:40] FwkApiDbParser finish.
[2026-09-23-15:22:46.585] [INFO] [AscendProfiler_ProfilingParser:82] MemoryDbParser start.
[2026-09-23-15:22:46.585] [INFO] [AscendProfiler_ProfilingParser:95] MemoryDbParser finish.
[2026-09-23-15:22:46.586] [INFO] [AscendProfiler_ProfilingParser:33] GCRecordDbParser start.
[2026-09-23-15:22:46.586] [INFO] [AscendProfiler_ProfilingParser:41] GCRecordDbParser finish.
[2026-09-23-15:22:46.586] [INFO] [AscendProfiler_ProfilingParser:36] StepInfoDbParser start.
[2026-09-23-15:22:46.590] [INFO] [AscendProfiler_ProfilingParser:43] StepInfoDbParser finish.
[2026-09-23-15:22:46.590] [INFO] [AscendProfiler_ProfilingParser:80] CommunicationDbParser start.
[2026-09-23-15:22:46.591] [INFO] [AscendProfiler_ProfilingParser:88] CommunicationDbParser finish.
[2026-09-23-15:22:46.591] [INFO] [AscendProfiler_ProfilingParser:74] TraceStepTimeDbParser start.
[2026-09-23-15:22:46.613] [INFO] [AscendProfiler_ProfilingParser:83] TraceStepTimeDbParser finish.
[2026-09-23-15:22:46.613] [INFO] [AscendProfiler_ProfilingParser:64] DbParser finish.
[2026-09-23-15:22:47.115] [INFO] [AscendProfiler_ProfilingParser:473] ============================================================
[2026-09-23-15:22:47.115] [INFO] [AscendProfiler_ProfilingParser:474] Task execution completed
[2026-09-23-15:22:47.115] [INFO] [AscendProfiler_ProfilingParser:475] ============================================================
[2026-09-23-15:22:47.115] [INFO] [AscendProfiler_ProfilingParser:478] torch_op                  | PTHREAD         | Succeed    | 0.264s | deps: None
[2026-09-23-15:22:47.115] [INFO] [AscendProfiler_ProfilingParser:478] task_queue                | PTHREAD         | Succeed    | 0.263s | deps: None
[2026-09-23-15:22:47.115] [INFO] [AscendProfiler_ProfilingParser:478] trace_prepare             | SUB_PROCESS     | Succeed    | 0.425s | deps: torch_op, task_queue
[2026-09-23-15:22:47.115] [INFO] [AscendProfiler_ProfilingParser:478] build_tree                | PTHREAD         | Succeed    | 0.400s | deps: torch_op, task_queue
[2026-09-23-15:22:47.115] [INFO] [AscendProfiler_ProfilingParser:478] export                    | SUB_PROCESS     | Succeed    | 2.050s | deps: None
[2026-09-23-15:22:47.115] [INFO] [AscendProfiler_ProfilingParser:478] timeline                  | PTHREAD|NON_BLOCKING | Succeed    | 1.517s | deps: None
[2026-09-23-15:22:47.115] [INFO] [AscendProfiler_ProfilingParser:478] relation                  | PTHREAD         | Succeed    | 0.127s | deps: task_queue, timeline
[2026-09-23-15:22:47.115] [INFO] [AscendProfiler_ProfilingParser:478] memory_prepare            | PTHREAD         | Succeed    | 0.075s | deps: build_tree, task_queue, torch_op
[2026-09-23-15:22:47.116] [INFO] [AscendProfiler_ProfilingParser:478] analyze                   | SUB_PROCESS     | Succeed    | 1.047s | deps: timeline
[2026-09-23-15:22:47.116] [INFO] [AscendProfiler_ProfilingParser:478] operator                  | SUB_PROCESS     | Succeed    | 0.260s | deps: build_tree, timeline, relation, torch_op
[2026-09-23-15:22:47.116] [INFO] [AscendProfiler_ProfilingParser:478] trace                     | SUB_PROCESS     | Succeed    | 0.206s | deps: build_tree, trace_prepare, timeline, task_queue, torch_op
[2026-09-23-15:22:47.116] [INFO] [AscendProfiler_ProfilingParser:478] kernel                    | SUB_PROCESS     | Succeed    | 0.079s | deps: build_tree, export, relation
[2026-09-23-15:22:47.116] [INFO] [AscendProfiler_ProfilingParser:478] step_time                 | SUB_PROCESS     | Succeed    | 0.141s | deps: build_tree, timeline, relation, torch_op
[2026-09-23-15:22:47.116] [INFO] [AscendProfiler_ProfilingParser:478] memory                    | SUB_PROCESS     | Succeed    | 0.045s | deps: export, memory_prepare
[2026-09-23-15:22:47.116] [INFO] [AscendProfiler_ProfilingParser:478] integrate                 | SUB_PROCESS     | Succeed    | 0.034s | deps: export
[2026-09-23-15:22:47.116] [INFO] [AscendProfiler_ProfilingParser:478] communication             | SUB_PROCESS     | Succeed    | 0.032s | deps: build_tree, analyze, relation
[2026-09-23-15:22:47.116] [INFO] [AscendProfiler_ProfilingParser:478] db_prepare                | PTHREAD         | Succeed    | 0.441s | deps: torch_op, task_queue
[2026-09-23-15:22:47.116] [INFO] [AscendProfiler_ProfilingParser:478] torch_db                  | PTHREAD         | Succeed    | 0.116s | deps: export, memory_prepare, build_tree, analyze, db_prepare
