[2026-09-23-11:24:03.029] [INFO] [AscendProfiler_ProfilingParser:97] Profiler logger initialized at: /data/tianchi/practice_11_attention_execution/results/2026-09-23-run02/profiler/rank0_542370_20260923112402182_ascend_pt/logs/profiler_20260923112403_542880_ProfilingParser.log
[2026-09-23-11:24:03.070] [INFO] [AscendProfiler_ProfilingParser:100] TorchOpParser start.
[2026-09-23-11:24:03.070] [INFO] [AscendProfiler_ProfilingParser:82] TaskQueueParser start.
[2026-09-23-11:24:03.098] [INFO] [AscendProfiler_ProfilingParser:162] CANNTimelineParser start.
[2026-09-23-11:24:03.169] [INFO] [AscendProfiler_ProfilingParser:106] TorchOpParser finish.
[2026-09-23-11:24:03.227] [INFO] [AscendProfiler_ProfilingParser:88] TaskQueueParser finish.
[2026-09-23-11:24:03.228] [INFO] [AscendProfiler_ProfilingParser:118] DbPreParser start.
[2026-09-23-11:24:03.253] [INFO] [AscendProfiler_ProfilingParser:62] TreeBuildParser start.
[2026-09-23-11:24:03.480] [INFO] [AscendProfiler_ProfilingParser:129] DbPreParser finish.
[2026-09-23-11:24:03.493] [INFO] [AscendProfiler_ProfilingParser:70] TreeBuildParser finish.
[2026-09-23-11:24:03.494] [INFO] [AscendProfiler_ProfilingParser:62] MemoryPrepareParser start.
[2026-09-23-11:24:03.514] [INFO] [AscendProfiler_ProfilingParser:75] MemoryPrepareParser finish.
[2026-09-23-11:24:04.648] [INFO] [AscendProfiler_ProfilingParser:172] CANNTimelineParser finish.
[2026-09-23-11:24:04.698] [INFO] [AscendProfiler_ProfilingParser:31] RelationParser start.
[2026-09-23-11:24:04.759] [INFO] [AscendProfiler_ProfilingParser:38] RelationParser finish.
[2026-09-23-11:24:05.764] [INFO] [AscendProfiler_ProfilingParser:40] DbParser start.
[2026-09-23-11:24:05.765] [INFO] [AscendProfiler_ProfilingParser:27] BasicDbParser start.
[2026-09-23-11:24:05.770] [INFO] [AscendProfiler_ProfilingParser:40] BasicDbParser finish.
[2026-09-23-11:24:05.770] [INFO] [AscendProfiler_ProfilingParser:27] FwkApiDbParser start.
[2026-09-23-11:24:05.770] [INFO] [AscendProfiler_ProfilingParser:32] FwkApiDbParser get fwk api data finish.
[2026-09-23-11:24:05.782] [INFO] [AscendProfiler_ProfilingParser:34] FwkApiDbParser get api data for db finish.
[2026-09-23-11:24:05.798] [INFO] [AscendProfiler_ProfilingParser:36] FwkApiDbParser save api data to db finish.
[2026-09-23-11:24:05.798] [INFO] [AscendProfiler_ProfilingParser:40] FwkApiDbParser finish.
[2026-09-23-11:24:05.798] [INFO] [AscendProfiler_ProfilingParser:82] MemoryDbParser start.
[2026-09-23-11:24:05.799] [INFO] [AscendProfiler_ProfilingParser:95] MemoryDbParser finish.
[2026-09-23-11:24:05.799] [INFO] [AscendProfiler_ProfilingParser:33] GCRecordDbParser start.
[2026-09-23-11:24:05.799] [INFO] [AscendProfiler_ProfilingParser:41] GCRecordDbParser finish.
[2026-09-23-11:24:05.800] [INFO] [AscendProfiler_ProfilingParser:36] StepInfoDbParser start.
[2026-09-23-11:24:05.802] [INFO] [AscendProfiler_ProfilingParser:43] StepInfoDbParser finish.
[2026-09-23-11:24:05.802] [INFO] [AscendProfiler_ProfilingParser:80] CommunicationDbParser start.
[2026-09-23-11:24:05.804] [INFO] [AscendProfiler_ProfilingParser:88] CommunicationDbParser finish.
[2026-09-23-11:24:05.804] [INFO] [AscendProfiler_ProfilingParser:74] TraceStepTimeDbParser start.
[2026-09-23-11:24:05.821] [INFO] [AscendProfiler_ProfilingParser:83] TraceStepTimeDbParser finish.
[2026-09-23-11:24:05.822] [INFO] [AscendProfiler_ProfilingParser:64] DbParser finish.
[2026-09-23-11:24:06.323] [INFO] [AscendProfiler_ProfilingParser:473] ============================================================
[2026-09-23-11:24:06.323] [INFO] [AscendProfiler_ProfilingParser:474] Task execution completed
[2026-09-23-11:24:06.323] [INFO] [AscendProfiler_ProfilingParser:475] ============================================================
[2026-09-23-11:24:06.323] [INFO] [AscendProfiler_ProfilingParser:478] torch_op                  | PTHREAD         | Succeed    | 0.115s | deps: None
[2026-09-23-11:24:06.323] [INFO] [AscendProfiler_ProfilingParser:478] task_queue                | PTHREAD         | Succeed    | 0.158s | deps: None
[2026-09-23-11:24:06.323] [INFO] [AscendProfiler_ProfilingParser:478] trace_prepare             | SUB_PROCESS     | Succeed    | 0.253s | deps: torch_op, task_queue
[2026-09-23-11:24:06.323] [INFO] [AscendProfiler_ProfilingParser:478] build_tree                | PTHREAD         | Succeed    | 0.240s | deps: torch_op, task_queue
[2026-09-23-11:24:06.323] [INFO] [AscendProfiler_ProfilingParser:478] export                    | SUB_PROCESS     | Succeed    | 2.054s | deps: None
[2026-09-23-11:24:06.323] [INFO] [AscendProfiler_ProfilingParser:478] timeline                  | PTHREAD|NON_BLOCKING | Succeed    | 1.551s | deps: None
[2026-09-23-11:24:06.323] [INFO] [AscendProfiler_ProfilingParser:478] relation                  | PTHREAD         | Succeed    | 0.061s | deps: task_queue, timeline
[2026-09-23-11:24:06.323] [INFO] [AscendProfiler_ProfilingParser:478] memory_prepare            | PTHREAD         | Succeed    | 0.021s | deps: build_tree, task_queue, torch_op
[2026-09-23-11:24:06.324] [INFO] [AscendProfiler_ProfilingParser:478] analyze                   | SUB_PROCESS     | Succeed    | 1.068s | deps: timeline
[2026-09-23-11:24:06.324] [INFO] [AscendProfiler_ProfilingParser:478] operator                  | SUB_PROCESS     | Succeed    | 0.160s | deps: build_tree, timeline, relation, torch_op
[2026-09-23-11:24:06.324] [INFO] [AscendProfiler_ProfilingParser:478] trace                     | SUB_PROCESS     | Succeed    | 0.161s | deps: build_tree, trace_prepare, timeline, task_queue, torch_op
[2026-09-23-11:24:06.324] [INFO] [AscendProfiler_ProfilingParser:478] kernel                    | SUB_PROCESS     | Succeed    | 0.057s | deps: build_tree, export, relation
[2026-09-23-11:24:06.324] [INFO] [AscendProfiler_ProfilingParser:478] step_time                 | SUB_PROCESS     | Succeed    | 0.098s | deps: build_tree, timeline, relation, torch_op
[2026-09-23-11:24:06.324] [INFO] [AscendProfiler_ProfilingParser:478] memory                    | SUB_PROCESS     | Succeed    | 0.032s | deps: export, memory_prepare
[2026-09-23-11:24:06.324] [INFO] [AscendProfiler_ProfilingParser:478] integrate                 | SUB_PROCESS     | Succeed    | 0.066s | deps: export
[2026-09-23-11:24:06.324] [INFO] [AscendProfiler_ProfilingParser:478] communication             | SUB_PROCESS     | Succeed    | 0.039s | deps: build_tree, analyze, relation
[2026-09-23-11:24:06.324] [INFO] [AscendProfiler_ProfilingParser:478] db_prepare                | PTHREAD         | Succeed    | 0.258s | deps: torch_op, task_queue
[2026-09-23-11:24:06.324] [INFO] [AscendProfiler_ProfilingParser:478] torch_db                  | PTHREAD         | Succeed    | 0.059s | deps: export, memory_prepare, build_tree, analyze, db_prepare
