[2026-09-28-16:26:15.909] [INFO] [AscendProfiler_ProfilingParser:97] Profiler logger initialized at: /data/tianchi/practice_22_stream_lifecycle/results/2026-09-28-graph-run01/profiler/rank0_1104248_20260928162614283_ascend_pt/logs/profiler_20260928162615_1105772_ProfilingParser.log
[2026-09-28-16:26:15.954] [INFO] [AscendProfiler_ProfilingParser:100] TorchOpParser start.
[2026-09-28-16:26:15.954] [INFO] [AscendProfiler_ProfilingParser:82] TaskQueueParser start.
[2026-09-28-16:26:15.984] [INFO] [AscendProfiler_ProfilingParser:162] CANNTimelineParser start.
[2026-09-28-16:26:16.372] [INFO] [AscendProfiler_ProfilingParser:106] TorchOpParser finish.
[2026-09-28-16:26:16.591] [INFO] [AscendProfiler_ProfilingParser:88] TaskQueueParser finish.
[2026-09-28-16:26:16.618] [INFO] [AscendProfiler_ProfilingParser:118] DbPreParser start.
[2026-09-28-16:26:16.618] [INFO] [AscendProfiler_ProfilingParser:62] TreeBuildParser start.
[2026-09-28-16:26:18.026] [INFO] [AscendProfiler_ProfilingParser:70] TreeBuildParser finish.
[2026-09-28-16:26:18.042] [INFO] [AscendProfiler_ProfilingParser:62] MemoryPrepareParser start.
[2026-09-28-16:26:18.167] [INFO] [AscendProfiler_ProfilingParser:129] DbPreParser finish.
[2026-09-28-16:26:18.267] [INFO] [AscendProfiler_ProfilingParser:75] MemoryPrepareParser finish.
[2026-09-28-16:26:18.768] [INFO] [AscendProfiler_ProfilingParser:172] CANNTimelineParser finish.
[2026-09-28-16:26:18.821] [INFO] [AscendProfiler_ProfilingParser:31] RelationParser start.
[2026-09-28-16:26:19.069] [INFO] [AscendProfiler_ProfilingParser:38] RelationParser finish.
[2026-09-28-16:26:19.819] [INFO] [AscendProfiler_ProfilingParser:40] DbParser start.
[2026-09-28-16:26:19.846] [INFO] [AscendProfiler_ProfilingParser:27] BasicDbParser start.
[2026-09-28-16:26:19.852] [INFO] [AscendProfiler_ProfilingParser:40] BasicDbParser finish.
[2026-09-28-16:26:19.852] [INFO] [AscendProfiler_ProfilingParser:27] FwkApiDbParser start.
[2026-09-28-16:26:19.852] [INFO] [AscendProfiler_ProfilingParser:32] FwkApiDbParser get fwk api data finish.
[2026-09-28-16:26:19.911] [INFO] [AscendProfiler_ProfilingParser:34] FwkApiDbParser get api data for db finish.
[2026-09-28-16:26:19.954] [INFO] [AscendProfiler_ProfilingParser:36] FwkApiDbParser save api data to db finish.
[2026-09-28-16:26:19.954] [INFO] [AscendProfiler_ProfilingParser:40] FwkApiDbParser finish.
[2026-09-28-16:26:19.955] [INFO] [AscendProfiler_ProfilingParser:82] MemoryDbParser start.
[2026-09-28-16:26:19.956] [INFO] [AscendProfiler_ProfilingParser:95] MemoryDbParser finish.
[2026-09-28-16:26:19.956] [INFO] [AscendProfiler_ProfilingParser:33] GCRecordDbParser start.
[2026-09-28-16:26:19.956] [INFO] [AscendProfiler_ProfilingParser:41] GCRecordDbParser finish.
[2026-09-28-16:26:19.957] [INFO] [AscendProfiler_ProfilingParser:36] StepInfoDbParser start.
[2026-09-28-16:26:19.966] [INFO] [AscendProfiler_ProfilingParser:43] StepInfoDbParser finish.
[2026-09-28-16:26:19.966] [INFO] [AscendProfiler_ProfilingParser:80] CommunicationDbParser start.
[2026-09-28-16:26:19.969] [INFO] [AscendProfiler_ProfilingParser:88] CommunicationDbParser finish.
[2026-09-28-16:26:19.970] [INFO] [AscendProfiler_ProfilingParser:74] TraceStepTimeDbParser start.
[2026-09-28-16:26:20.075] [INFO] [AscendProfiler_ProfilingParser:83] TraceStepTimeDbParser finish.
[2026-09-28-16:26:20.076] [INFO] [AscendProfiler_ProfilingParser:64] DbParser finish.
[2026-09-28-16:26:20.578] [INFO] [AscendProfiler_ProfilingParser:473] ============================================================
[2026-09-28-16:26:20.578] [INFO] [AscendProfiler_ProfilingParser:474] Task execution completed
[2026-09-28-16:26:20.578] [INFO] [AscendProfiler_ProfilingParser:475] ============================================================
[2026-09-28-16:26:20.578] [INFO] [AscendProfiler_ProfilingParser:478] torch_op                  | PTHREAD         | Succeed    | 0.434s | deps: None
[2026-09-28-16:26:20.578] [INFO] [AscendProfiler_ProfilingParser:478] task_queue                | PTHREAD         | Succeed    | 0.637s | deps: None
[2026-09-28-16:26:20.578] [INFO] [AscendProfiler_ProfilingParser:478] trace_prepare             | SUB_PROCESS     | Succeed    | 1.228s | deps: torch_op, task_queue
[2026-09-28-16:26:20.579] [INFO] [AscendProfiler_ProfilingParser:478] build_tree                | PTHREAD         | Succeed    | 1.414s | deps: torch_op, task_queue
[2026-09-28-16:26:20.579] [INFO] [AscendProfiler_ProfilingParser:478] export                    | SUB_PROCESS     | Succeed    | 3.064s | deps: None
[2026-09-28-16:26:20.579] [INFO] [AscendProfiler_ProfilingParser:478] timeline                  | PTHREAD|NON_BLOCKING | Succeed    | 2.786s | deps: None
[2026-09-28-16:26:20.579] [INFO] [AscendProfiler_ProfilingParser:478] relation                  | PTHREAD         | Succeed    | 0.275s | deps: task_queue, timeline
[2026-09-28-16:26:20.579] [INFO] [AscendProfiler_ProfilingParser:478] memory_prepare            | PTHREAD         | Succeed    | 0.236s | deps: build_tree, task_queue, torch_op
[2026-09-28-16:26:20.579] [INFO] [AscendProfiler_ProfilingParser:478] analyze                   | SUB_PROCESS     | Succeed    | 1.049s | deps: timeline
[2026-09-28-16:26:20.579] [INFO] [AscendProfiler_ProfilingParser:478] operator                  | SUB_PROCESS     | Succeed    | 0.768s | deps: build_tree, timeline, relation, torch_op
[2026-09-28-16:26:20.580] [INFO] [AscendProfiler_ProfilingParser:478] trace                     | SUB_PROCESS     | Succeed    | 0.407s | deps: build_tree, trace_prepare, timeline, task_queue, torch_op
[2026-09-28-16:26:20.580] [INFO] [AscendProfiler_ProfilingParser:478] kernel                    | SUB_PROCESS     | Succeed    | 0.169s | deps: build_tree, export, relation
[2026-09-28-16:26:20.580] [INFO] [AscendProfiler_ProfilingParser:478] step_time                 | SUB_PROCESS     | Succeed    | 0.399s | deps: build_tree, timeline, relation, torch_op
[2026-09-28-16:26:20.580] [INFO] [AscendProfiler_ProfilingParser:478] memory                    | SUB_PROCESS     | Succeed    | 0.097s | deps: export, memory_prepare
[2026-09-28-16:26:20.580] [INFO] [AscendProfiler_ProfilingParser:478] integrate                 | SUB_PROCESS     | Succeed    | 0.076s | deps: export
[2026-09-28-16:26:20.580] [INFO] [AscendProfiler_ProfilingParser:478] communication             | SUB_PROCESS     | Succeed    | 0.045s | deps: build_tree, analyze, relation
[2026-09-28-16:26:20.580] [INFO] [AscendProfiler_ProfilingParser:478] db_prepare                | PTHREAD         | Succeed    | 1.565s | deps: torch_op, task_queue
[2026-09-28-16:26:20.580] [INFO] [AscendProfiler_ProfilingParser:478] torch_db                  | PTHREAD         | Succeed    | 0.258s | deps: export, memory_prepare, build_tree, analyze, db_prepare
