[2026-09-24-18:01:10.692] [INFO] [AscendProfiler_ProfilingParser:97] Profiler logger initialized at: /data/tianchi/practice_16_multistream_parallel/results/2026-09-24-sync-run01/profiler/fe561f2e72a8_680471_20260924180110011_ascend_pt/logs/profiler_20260924180110_680610_ProfilingParser.log
[2026-09-24-18:01:10.729] [INFO] [AscendProfiler_ProfilingParser:100] TorchOpParser start.
[2026-09-24-18:01:10.729] [INFO] [AscendProfiler_ProfilingParser:82] TaskQueueParser start.
[2026-09-24-18:01:10.745] [INFO] [AscendProfiler_ProfilingParser:162] CANNTimelineParser start.
[2026-09-24-18:01:10.750] [INFO] [AscendProfiler_ProfilingParser:106] TorchOpParser finish.
[2026-09-24-18:01:10.756] [INFO] [AscendProfiler_ProfilingParser:88] TaskQueueParser finish.
[2026-09-24-18:01:10.757] [INFO] [AscendProfiler_ProfilingParser:62] TreeBuildParser start.
[2026-09-24-18:01:10.757] [INFO] [AscendProfiler_ProfilingParser:118] DbPreParser start.
[2026-09-24-18:01:10.776] [INFO] [AscendProfiler_ProfilingParser:70] TreeBuildParser finish.
[2026-09-24-18:01:10.781] [INFO] [AscendProfiler_ProfilingParser:129] DbPreParser finish.
[2026-09-24-18:01:10.781] [INFO] [AscendProfiler_ProfilingParser:62] MemoryPrepareParser start.
[2026-09-24-18:01:10.782] [INFO] [AscendProfiler_ProfilingParser:75] MemoryPrepareParser finish.
[2026-09-24-18:01:12.047] [INFO] [AscendProfiler_ProfilingParser:172] CANNTimelineParser finish.
[2026-09-24-18:01:12.086] [INFO] [AscendProfiler_ProfilingParser:31] RelationParser start.
[2026-09-24-18:01:12.095] [INFO] [AscendProfiler_ProfilingParser:38] RelationParser finish.
[2026-09-24-18:01:13.086] [INFO] [AscendProfiler_ProfilingParser:40] DbParser start.
[2026-09-24-18:01:13.102] [INFO] [AscendProfiler_ProfilingParser:27] BasicDbParser start.
[2026-09-24-18:01:13.107] [INFO] [AscendProfiler_ProfilingParser:40] BasicDbParser finish.
[2026-09-24-18:01:13.107] [INFO] [AscendProfiler_ProfilingParser:27] FwkApiDbParser start.
[2026-09-24-18:01:13.107] [INFO] [AscendProfiler_ProfilingParser:32] FwkApiDbParser get fwk api data finish.
[2026-09-24-18:01:13.108] [INFO] [AscendProfiler_ProfilingParser:34] FwkApiDbParser get api data for db finish.
[2026-09-24-18:01:13.116] [INFO] [AscendProfiler_ProfilingParser:36] FwkApiDbParser save api data to db finish.
[2026-09-24-18:01:13.116] [INFO] [AscendProfiler_ProfilingParser:40] FwkApiDbParser finish.
[2026-09-24-18:01:13.116] [INFO] [AscendProfiler_ProfilingParser:82] MemoryDbParser start.
[2026-09-24-18:01:13.116] [INFO] [AscendProfiler_ProfilingParser:95] MemoryDbParser finish.
[2026-09-24-18:01:13.116] [INFO] [AscendProfiler_ProfilingParser:33] GCRecordDbParser start.
[2026-09-24-18:01:13.116] [INFO] [AscendProfiler_ProfilingParser:41] GCRecordDbParser finish.
[2026-09-24-18:01:13.116] [INFO] [AscendProfiler_ProfilingParser:36] StepInfoDbParser start.
[2026-09-24-18:01:13.118] [INFO] [AscendProfiler_ProfilingParser:43] StepInfoDbParser finish.
[2026-09-24-18:01:13.118] [INFO] [AscendProfiler_ProfilingParser:80] CommunicationDbParser start.
[2026-09-24-18:01:13.119] [INFO] [AscendProfiler_ProfilingParser:88] CommunicationDbParser finish.
[2026-09-24-18:01:13.119] [INFO] [AscendProfiler_ProfilingParser:74] TraceStepTimeDbParser start.
[2026-09-24-18:01:13.121] [INFO] [AscendProfiler_ProfilingParser:83] TraceStepTimeDbParser finish.
[2026-09-24-18:01:13.121] [INFO] [AscendProfiler_ProfilingParser:64] DbParser finish.
[2026-09-24-18:01:13.623] [INFO] [AscendProfiler_ProfilingParser:473] ============================================================
[2026-09-24-18:01:13.623] [INFO] [AscendProfiler_ProfilingParser:474] Task execution completed
[2026-09-24-18:01:13.623] [INFO] [AscendProfiler_ProfilingParser:475] ============================================================
[2026-09-24-18:01:13.623] [INFO] [AscendProfiler_ProfilingParser:478] torch_op                  | PTHREAD         | Succeed    | 0.027s | deps: None
[2026-09-24-18:01:13.623] [INFO] [AscendProfiler_ProfilingParser:478] task_queue                | PTHREAD         | Succeed    | 0.027s | deps: None
[2026-09-24-18:01:13.623] [INFO] [AscendProfiler_ProfilingParser:478] trace_prepare             | SUB_PROCESS     | Succeed    | 0.032s | deps: torch_op, task_queue
[2026-09-24-18:01:13.623] [INFO] [AscendProfiler_ProfilingParser:478] build_tree                | PTHREAD         | Succeed    | 0.020s | deps: torch_op, task_queue
[2026-09-24-18:01:13.623] [INFO] [AscendProfiler_ProfilingParser:478] export                    | SUB_PROCESS     | Succeed    | 2.039s | deps: None
[2026-09-24-18:01:13.623] [INFO] [AscendProfiler_ProfilingParser:478] timeline                  | PTHREAD|NON_BLOCKING | Succeed    | 1.302s | deps: None
[2026-09-24-18:01:13.624] [INFO] [AscendProfiler_ProfilingParser:478] relation                  | PTHREAD         | Succeed    | 0.009s | deps: task_queue, timeline
[2026-09-24-18:01:13.624] [INFO] [AscendProfiler_ProfilingParser:478] memory_prepare            | PTHREAD         | Succeed    | 0.006s | deps: build_tree, task_queue, torch_op
[2026-09-24-18:01:13.624] [INFO] [AscendProfiler_ProfilingParser:478] analyze                   | SUB_PROCESS     | Succeed    | 1.039s | deps: timeline
[2026-09-24-18:01:13.624] [INFO] [AscendProfiler_ProfilingParser:478] operator                  | SUB_PROCESS     | Succeed    | 0.026s | deps: build_tree, timeline, relation, torch_op
[2026-09-24-18:01:13.624] [INFO] [AscendProfiler_ProfilingParser:478] trace                     | SUB_PROCESS     | Succeed    | 0.064s | deps: build_tree, trace_prepare, timeline, task_queue, torch_op
[2026-09-24-18:01:13.624] [INFO] [AscendProfiler_ProfilingParser:478] kernel                    | SUB_PROCESS     | Succeed    | 0.027s | deps: build_tree, export, relation
[2026-09-24-18:01:13.624] [INFO] [AscendProfiler_ProfilingParser:478] step_time                 | SUB_PROCESS     | Succeed    | 0.036s | deps: build_tree, timeline, relation, torch_op
[2026-09-24-18:01:13.624] [INFO] [AscendProfiler_ProfilingParser:478] memory                    | SUB_PROCESS     | Succeed    | 0.048s | deps: export, memory_prepare
[2026-09-24-18:01:13.624] [INFO] [AscendProfiler_ProfilingParser:478] integrate                 | SUB_PROCESS     | Succeed    | 0.017s | deps: export
[2026-09-24-18:01:13.624] [INFO] [AscendProfiler_ProfilingParser:478] communication             | SUB_PROCESS     | Succeed    | 0.019s | deps: build_tree, analyze, relation
[2026-09-24-18:01:13.624] [INFO] [AscendProfiler_ProfilingParser:478] db_prepare                | PTHREAD         | Succeed    | 0.025s | deps: torch_op, task_queue
[2026-09-24-18:01:13.624] [INFO] [AscendProfiler_ProfilingParser:478] torch_db                  | PTHREAD         | Succeed    | 0.035s | deps: export, memory_prepare, build_tree, analyze, db_prepare
