[2026-09-23-13:36:19.583] [INFO] [AscendProfiler_ProfilingParser:97] Profiler logger initialized at: /data/tianchi/practice_12_kv_block_reuse/results/2026-09-23-run04-graph/profiler/rank0_556196_20260923133618743_ascend_pt/logs/profiler_20260923133619_556681_ProfilingParser.log
[2026-09-23-13:36:19.622] [INFO] [AscendProfiler_ProfilingParser:100] TorchOpParser start.
[2026-09-23-13:36:19.623] [INFO] [AscendProfiler_ProfilingParser:82] TaskQueueParser start.
[2026-09-23-13:36:19.651] [INFO] [AscendProfiler_ProfilingParser:162] CANNTimelineParser start.
[2026-09-23-13:36:19.794] [INFO] [AscendProfiler_ProfilingParser:106] TorchOpParser finish.
[2026-09-23-13:36:19.829] [INFO] [AscendProfiler_ProfilingParser:88] TaskQueueParser finish.
[2026-09-23-13:36:19.829] [INFO] [AscendProfiler_ProfilingParser:118] DbPreParser start.
[2026-09-23-13:36:19.830] [INFO] [AscendProfiler_ProfilingParser:62] TreeBuildParser start.
[2026-09-23-13:36:20.154] [INFO] [AscendProfiler_ProfilingParser:70] TreeBuildParser finish.
[2026-09-23-13:36:20.165] [INFO] [AscendProfiler_ProfilingParser:129] DbPreParser finish.
[2026-09-23-13:36:20.166] [INFO] [AscendProfiler_ProfilingParser:62] MemoryPrepareParser start.
[2026-09-23-13:36:20.192] [INFO] [AscendProfiler_ProfilingParser:75] MemoryPrepareParser finish.
[2026-09-23-13:36:21.126] [INFO] [AscendProfiler_ProfilingParser:172] CANNTimelineParser finish.
[2026-09-23-13:36:21.126] [INFO] [AscendProfiler_ProfilingParser:31] RelationParser start.
[2026-09-23-13:36:21.266] [INFO] [AscendProfiler_ProfilingParser:38] RelationParser finish.
[2026-09-23-13:36:22.202] [INFO] [AscendProfiler_ProfilingParser:40] DbParser start.
[2026-09-23-13:36:22.229] [INFO] [AscendProfiler_ProfilingParser:27] BasicDbParser start.
[2026-09-23-13:36:22.234] [INFO] [AscendProfiler_ProfilingParser:40] BasicDbParser finish.
[2026-09-23-13:36:22.234] [INFO] [AscendProfiler_ProfilingParser:27] FwkApiDbParser start.
[2026-09-23-13:36:22.234] [INFO] [AscendProfiler_ProfilingParser:32] FwkApiDbParser get fwk api data finish.
[2026-09-23-13:36:22.251] [INFO] [AscendProfiler_ProfilingParser:34] FwkApiDbParser get api data for db finish.
[2026-09-23-13:36:22.277] [INFO] [AscendProfiler_ProfilingParser:36] FwkApiDbParser save api data to db finish.
[2026-09-23-13:36:22.277] [INFO] [AscendProfiler_ProfilingParser:40] FwkApiDbParser finish.
[2026-09-23-13:36:22.277] [INFO] [AscendProfiler_ProfilingParser:82] MemoryDbParser start.
[2026-09-23-13:36:22.278] [INFO] [AscendProfiler_ProfilingParser:95] MemoryDbParser finish.
[2026-09-23-13:36:22.278] [INFO] [AscendProfiler_ProfilingParser:33] GCRecordDbParser start.
[2026-09-23-13:36:22.278] [INFO] [AscendProfiler_ProfilingParser:41] GCRecordDbParser finish.
[2026-09-23-13:36:22.278] [INFO] [AscendProfiler_ProfilingParser:36] StepInfoDbParser start.
[2026-09-23-13:36:22.281] [INFO] [AscendProfiler_ProfilingParser:43] StepInfoDbParser finish.
[2026-09-23-13:36:22.282] [INFO] [AscendProfiler_ProfilingParser:80] CommunicationDbParser start.
[2026-09-23-13:36:22.283] [INFO] [AscendProfiler_ProfilingParser:88] CommunicationDbParser finish.
[2026-09-23-13:36:22.283] [INFO] [AscendProfiler_ProfilingParser:74] TraceStepTimeDbParser start.
[2026-09-23-13:36:22.303] [INFO] [AscendProfiler_ProfilingParser:83] TraceStepTimeDbParser finish.
[2026-09-23-13:36:22.304] [INFO] [AscendProfiler_ProfilingParser:64] DbParser finish.
[2026-09-23-13:36:22.805] [INFO] [AscendProfiler_ProfilingParser:473] ============================================================
[2026-09-23-13:36:22.805] [INFO] [AscendProfiler_ProfilingParser:474] Task execution completed
[2026-09-23-13:36:22.805] [INFO] [AscendProfiler_ProfilingParser:475] ============================================================
[2026-09-23-13:36:22.805] [INFO] [AscendProfiler_ProfilingParser:478] torch_op                  | PTHREAD         | Succeed    | 0.188s | deps: None
[2026-09-23-13:36:22.805] [INFO] [AscendProfiler_ProfilingParser:478] task_queue                | PTHREAD         | Succeed    | 0.206s | deps: None
[2026-09-23-13:36:22.805] [INFO] [AscendProfiler_ProfilingParser:478] trace_prepare             | SUB_PROCESS     | Succeed    | 0.310s | deps: torch_op, task_queue
[2026-09-23-13:36:22.805] [INFO] [AscendProfiler_ProfilingParser:478] build_tree                | PTHREAD         | Succeed    | 0.336s | deps: torch_op, task_queue
[2026-09-23-13:36:22.805] [INFO] [AscendProfiler_ProfilingParser:478] export                    | SUB_PROCESS     | Succeed    | 2.053s | deps: None
[2026-09-23-13:36:22.805] [INFO] [AscendProfiler_ProfilingParser:478] timeline                  | PTHREAD|NON_BLOCKING | Succeed    | 1.477s | deps: None
[2026-09-23-13:36:22.806] [INFO] [AscendProfiler_ProfilingParser:478] relation                  | PTHREAD         | Succeed    | 0.140s | deps: task_queue, timeline
[2026-09-23-13:36:22.806] [INFO] [AscendProfiler_ProfilingParser:478] memory_prepare            | PTHREAD         | Succeed    | 0.026s | deps: build_tree, task_queue, torch_op
[2026-09-23-13:36:22.806] [INFO] [AscendProfiler_ProfilingParser:478] analyze                   | SUB_PROCESS     | Succeed    | 1.049s | deps: timeline
[2026-09-23-13:36:22.806] [INFO] [AscendProfiler_ProfilingParser:478] operator                  | SUB_PROCESS     | Succeed    | 0.205s | deps: build_tree, timeline, relation, torch_op
[2026-09-23-13:36:22.806] [INFO] [AscendProfiler_ProfilingParser:478] trace                     | SUB_PROCESS     | Succeed    | 0.194s | deps: build_tree, trace_prepare, timeline, task_queue, torch_op
[2026-09-23-13:36:22.806] [INFO] [AscendProfiler_ProfilingParser:478] kernel                    | SUB_PROCESS     | Succeed    | 0.076s | deps: build_tree, export, relation
[2026-09-23-13:36:22.806] [INFO] [AscendProfiler_ProfilingParser:478] step_time                 | SUB_PROCESS     | Succeed    | 0.129s | deps: build_tree, timeline, relation, torch_op
[2026-09-23-13:36:22.806] [INFO] [AscendProfiler_ProfilingParser:478] memory                    | SUB_PROCESS     | Succeed    | 0.036s | deps: export, memory_prepare
[2026-09-23-13:36:22.806] [INFO] [AscendProfiler_ProfilingParser:478] integrate                 | SUB_PROCESS     | Succeed    | 0.048s | deps: export
[2026-09-23-13:36:22.806] [INFO] [AscendProfiler_ProfilingParser:478] communication             | SUB_PROCESS     | Succeed    | 0.041s | deps: build_tree, analyze, relation
[2026-09-23-13:36:22.806] [INFO] [AscendProfiler_ProfilingParser:478] db_prepare                | PTHREAD         | Succeed    | 0.337s | deps: torch_op, task_queue
[2026-09-23-13:36:22.806] [INFO] [AscendProfiler_ProfilingParser:478] torch_db                  | PTHREAD         | Succeed    | 0.103s | deps: export, memory_prepare, build_tree, analyze, db_prepare
