[2026-09-24-09:50:34.019] [INFO] [AscendProfiler_ProfilingParser:97] Profiler logger initialized at: /data/tianchi/practice_13_operator_submission/results/2026-09-24-run03/profiler/rank0_639050_20260924095032984_ascend_pt/logs/profiler_20260924095034_640335_ProfilingParser.log
[2026-09-24-09:50:34.058] [INFO] [AscendProfiler_ProfilingParser:100] TorchOpParser start.
[2026-09-24-09:50:34.059] [INFO] [AscendProfiler_ProfilingParser:82] TaskQueueParser start.
[2026-09-24-09:50:34.087] [INFO] [AscendProfiler_ProfilingParser:162] CANNTimelineParser start.
[2026-09-24-09:50:34.312] [INFO] [AscendProfiler_ProfilingParser:106] TorchOpParser finish.
[2026-09-24-09:50:34.326] [INFO] [AscendProfiler_ProfilingParser:88] TaskQueueParser finish.
[2026-09-24-09:50:34.326] [INFO] [AscendProfiler_ProfilingParser:118] DbPreParser start.
[2026-09-24-09:50:34.352] [INFO] [AscendProfiler_ProfilingParser:62] TreeBuildParser start.
[2026-09-24-09:50:34.764] [INFO] [AscendProfiler_ProfilingParser:70] TreeBuildParser finish.
[2026-09-24-09:50:34.770] [INFO] [AscendProfiler_ProfilingParser:129] DbPreParser finish.
[2026-09-24-09:50:34.770] [INFO] [AscendProfiler_ProfilingParser:62] MemoryPrepareParser start.
[2026-09-24-09:50:34.805] [INFO] [AscendProfiler_ProfilingParser:75] MemoryPrepareParser finish.
[2026-09-24-09:50:35.570] [INFO] [AscendProfiler_ProfilingParser:172] CANNTimelineParser finish.
[2026-09-24-09:50:35.595] [INFO] [AscendProfiler_ProfilingParser:31] RelationParser start.
[2026-09-24-09:50:35.718] [INFO] [AscendProfiler_ProfilingParser:38] RelationParser finish.
[2026-09-24-09:50:36.645] [INFO] [AscendProfiler_ProfilingParser:40] DbParser start.
[2026-09-24-09:50:36.670] [INFO] [AscendProfiler_ProfilingParser:27] BasicDbParser start.
[2026-09-24-09:50:36.677] [INFO] [AscendProfiler_ProfilingParser:40] BasicDbParser finish.
[2026-09-24-09:50:36.677] [INFO] [AscendProfiler_ProfilingParser:27] FwkApiDbParser start.
[2026-09-24-09:50:36.678] [INFO] [AscendProfiler_ProfilingParser:32] FwkApiDbParser get fwk api data finish.
[2026-09-24-09:50:36.700] [INFO] [AscendProfiler_ProfilingParser:34] FwkApiDbParser get api data for db finish.
[2026-09-24-09:50:36.737] [INFO] [AscendProfiler_ProfilingParser:36] FwkApiDbParser save api data to db finish.
[2026-09-24-09:50:36.737] [INFO] [AscendProfiler_ProfilingParser:40] FwkApiDbParser finish.
[2026-09-24-09:50:36.738] [INFO] [AscendProfiler_ProfilingParser:82] MemoryDbParser start.
[2026-09-24-09:50:36.738] [INFO] [AscendProfiler_ProfilingParser:95] MemoryDbParser finish.
[2026-09-24-09:50:36.738] [INFO] [AscendProfiler_ProfilingParser:33] GCRecordDbParser start.
[2026-09-24-09:50:36.739] [INFO] [AscendProfiler_ProfilingParser:41] GCRecordDbParser finish.
[2026-09-24-09:50:36.739] [INFO] [AscendProfiler_ProfilingParser:36] StepInfoDbParser start.
[2026-09-24-09:50:36.742] [INFO] [AscendProfiler_ProfilingParser:43] StepInfoDbParser finish.
[2026-09-24-09:50:36.742] [INFO] [AscendProfiler_ProfilingParser:80] CommunicationDbParser start.
[2026-09-24-09:50:36.743] [INFO] [AscendProfiler_ProfilingParser:88] CommunicationDbParser finish.
[2026-09-24-09:50:36.744] [INFO] [AscendProfiler_ProfilingParser:74] TraceStepTimeDbParser start.
[2026-09-24-09:50:36.764] [INFO] [AscendProfiler_ProfilingParser:83] TraceStepTimeDbParser finish.
[2026-09-24-09:50:36.764] [INFO] [AscendProfiler_ProfilingParser:64] DbParser finish.
[2026-09-24-09:50:37.266] [INFO] [AscendProfiler_ProfilingParser:473] ============================================================
[2026-09-24-09:50:37.266] [INFO] [AscendProfiler_ProfilingParser:474] Task execution completed
[2026-09-24-09:50:37.266] [INFO] [AscendProfiler_ProfilingParser:475] ============================================================
[2026-09-24-09:50:37.266] [INFO] [AscendProfiler_ProfilingParser:478] torch_op                  | PTHREAD         | Succeed    | 0.259s | deps: None
[2026-09-24-09:50:37.266] [INFO] [AscendProfiler_ProfilingParser:478] task_queue                | PTHREAD         | Succeed    | 0.267s | deps: None
[2026-09-24-09:50:37.266] [INFO] [AscendProfiler_ProfilingParser:478] trace_prepare             | SUB_PROCESS     | Succeed    | 0.443s | deps: torch_op, task_queue
[2026-09-24-09:50:37.266] [INFO] [AscendProfiler_ProfilingParser:478] build_tree                | PTHREAD         | Succeed    | 0.418s | deps: torch_op, task_queue
[2026-09-24-09:50:37.266] [INFO] [AscendProfiler_ProfilingParser:478] export                    | SUB_PROCESS     | Succeed    | 2.053s | deps: None
[2026-09-24-09:50:37.266] [INFO] [AscendProfiler_ProfilingParser:478] timeline                  | PTHREAD|NON_BLOCKING | Succeed    | 1.485s | deps: None
[2026-09-24-09:50:37.266] [INFO] [AscendProfiler_ProfilingParser:478] relation                  | PTHREAD         | Succeed    | 0.124s | deps: task_queue, timeline
[2026-09-24-09:50:37.267] [INFO] [AscendProfiler_ProfilingParser:478] memory_prepare            | PTHREAD         | Succeed    | 0.036s | deps: build_tree, task_queue, torch_op
[2026-09-24-09:50:37.267] [INFO] [AscendProfiler_ProfilingParser:478] analyze                   | SUB_PROCESS     | Succeed    | 1.048s | deps: timeline
[2026-09-24-09:50:37.267] [INFO] [AscendProfiler_ProfilingParser:478] operator                  | SUB_PROCESS     | Succeed    | 0.266s | deps: build_tree, timeline, relation, torch_op
[2026-09-24-09:50:37.267] [INFO] [AscendProfiler_ProfilingParser:478] trace                     | SUB_PROCESS     | Succeed    | 0.201s | deps: build_tree, trace_prepare, timeline, task_queue, torch_op
[2026-09-24-09:50:37.267] [INFO] [AscendProfiler_ProfilingParser:478] kernel                    | SUB_PROCESS     | Succeed    | 0.067s | deps: build_tree, export, relation
[2026-09-24-09:50:37.267] [INFO] [AscendProfiler_ProfilingParser:478] step_time                 | SUB_PROCESS     | Succeed    | 0.133s | deps: build_tree, timeline, relation, torch_op
[2026-09-24-09:50:37.267] [INFO] [AscendProfiler_ProfilingParser:478] memory                    | SUB_PROCESS     | Succeed    | 0.032s | deps: export, memory_prepare
[2026-09-24-09:50:37.267] [INFO] [AscendProfiler_ProfilingParser:478] integrate                 | SUB_PROCESS     | Succeed    | 0.068s | deps: export
[2026-09-24-09:50:37.267] [INFO] [AscendProfiler_ProfilingParser:478] communication             | SUB_PROCESS     | Succeed    | 0.035s | deps: build_tree, analyze, relation
[2026-09-24-09:50:37.267] [INFO] [AscendProfiler_ProfilingParser:478] db_prepare                | PTHREAD         | Succeed    | 0.445s | deps: torch_op, task_queue
[2026-09-24-09:50:37.267] [INFO] [AscendProfiler_ProfilingParser:478] torch_db                  | PTHREAD         | Succeed    | 0.121s | deps: export, memory_prepare, build_tree, analyze, db_prepare
