[2026-09-28-11:57:01.512] [INFO] [AscendProfiler_ProfilingParser:97] Profiler logger initialized at: /data/tianchi/practice_19_kernel_core_usage/results/2026-09-28-run01/profiler_plain/fe561f2e72a8_1061944_20260928115700945_ascend_pt/logs/profiler_20260928115701_1062145_ProfilingParser.log
[2026-09-28-11:57:01.549] [INFO] [AscendProfiler_ProfilingParser:100] TorchOpParser start.
[2026-09-28-11:57:01.550] [INFO] [AscendProfiler_ProfilingParser:82] TaskQueueParser start.
[2026-09-28-11:57:01.569] [INFO] [AscendProfiler_ProfilingParser:162] CANNTimelineParser start.
[2026-09-28-11:57:01.571] [INFO] [AscendProfiler_ProfilingParser:106] TorchOpParser finish.
[2026-09-28-11:57:01.573] [INFO] [AscendProfiler_ProfilingParser:88] TaskQueueParser finish.
[2026-09-28-11:57:01.573] [INFO] [AscendProfiler_ProfilingParser:118] DbPreParser start.
[2026-09-28-11:57:01.589] [INFO] [AscendProfiler_ProfilingParser:62] TreeBuildParser start.
[2026-09-28-11:57:01.592] [INFO] [AscendProfiler_ProfilingParser:129] DbPreParser finish.
[2026-09-28-11:57:01.593] [INFO] [AscendProfiler_ProfilingParser:70] TreeBuildParser finish.
[2026-09-28-11:57:01.593] [INFO] [AscendProfiler_ProfilingParser:62] MemoryPrepareParser start.
[2026-09-28-11:57:01.594] [INFO] [AscendProfiler_ProfilingParser:75] MemoryPrepareParser finish.
[2026-09-28-11:57:02.872] [INFO] [AscendProfiler_ProfilingParser:172] CANNTimelineParser finish.
[2026-09-28-11:57:02.904] [INFO] [AscendProfiler_ProfilingParser:31] RelationParser start.
[2026-09-28-11:57:02.910] [INFO] [AscendProfiler_ProfilingParser:38] RelationParser finish.
[2026-09-28-11:57:03.943] [INFO] [AscendProfiler_ProfilingParser:40] DbParser start.
[2026-09-28-11:57:03.956] [INFO] [AscendProfiler_ProfilingParser:27] BasicDbParser start.
[2026-09-28-11:57:03.960] [INFO] [AscendProfiler_ProfilingParser:40] BasicDbParser finish.
[2026-09-28-11:57:03.961] [INFO] [AscendProfiler_ProfilingParser:27] FwkApiDbParser start.
[2026-09-28-11:57:03.961] [INFO] [AscendProfiler_ProfilingParser:32] FwkApiDbParser get fwk api data finish.
[2026-09-28-11:57:03.961] [INFO] [AscendProfiler_ProfilingParser:34] FwkApiDbParser get api data for db finish.
[2026-09-28-11:57:03.966] [INFO] [AscendProfiler_ProfilingParser:36] FwkApiDbParser save api data to db finish.
[2026-09-28-11:57:03.966] [INFO] [AscendProfiler_ProfilingParser:40] FwkApiDbParser finish.
[2026-09-28-11:57:03.966] [INFO] [AscendProfiler_ProfilingParser:82] MemoryDbParser start.
[2026-09-28-11:57:03.966] [INFO] [AscendProfiler_ProfilingParser:95] MemoryDbParser finish.
[2026-09-28-11:57:03.966] [INFO] [AscendProfiler_ProfilingParser:33] GCRecordDbParser start.
[2026-09-28-11:57:03.966] [INFO] [AscendProfiler_ProfilingParser:41] GCRecordDbParser finish.
[2026-09-28-11:57:03.966] [INFO] [AscendProfiler_ProfilingParser:36] StepInfoDbParser start.
[2026-09-28-11:57:03.968] [INFO] [AscendProfiler_ProfilingParser:43] StepInfoDbParser finish.
[2026-09-28-11:57:03.968] [INFO] [AscendProfiler_ProfilingParser:80] CommunicationDbParser start.
[2026-09-28-11:57:03.968] [INFO] [AscendProfiler_ProfilingParser:88] CommunicationDbParser finish.
[2026-09-28-11:57:03.968] [INFO] [AscendProfiler_ProfilingParser:74] TraceStepTimeDbParser start.
[2026-09-28-11:57:03.970] [INFO] [AscendProfiler_ProfilingParser:83] TraceStepTimeDbParser finish.
[2026-09-28-11:57:03.970] [INFO] [AscendProfiler_ProfilingParser:64] DbParser finish.
[2026-09-28-11:57:04.475] [INFO] [AscendProfiler_ProfilingParser:473] ============================================================
[2026-09-28-11:57:04.475] [INFO] [AscendProfiler_ProfilingParser:474] Task execution completed
[2026-09-28-11:57:04.475] [INFO] [AscendProfiler_ProfilingParser:475] ============================================================
[2026-09-28-11:57:04.475] [INFO] [AscendProfiler_ProfilingParser:478] torch_op                  | PTHREAD         | Succeed    | 0.022s | deps: None
[2026-09-28-11:57:04.475] [INFO] [AscendProfiler_ProfilingParser:478] task_queue                | PTHREAD         | Succeed    | 0.023s | deps: None
[2026-09-28-11:57:04.475] [INFO] [AscendProfiler_ProfilingParser:478] trace_prepare             | SUB_PROCESS     | Succeed    | 0.024s | deps: torch_op, task_queue
[2026-09-28-11:57:04.475] [INFO] [AscendProfiler_ProfilingParser:478] build_tree                | PTHREAD         | Succeed    | 0.005s | deps: torch_op, task_queue
[2026-09-28-11:57:04.475] [INFO] [AscendProfiler_ProfilingParser:478] export                    | SUB_PROCESS     | Succeed    | 2.040s | deps: None
[2026-09-28-11:57:04.475] [INFO] [AscendProfiler_ProfilingParser:478] timeline                  | PTHREAD|NON_BLOCKING | Succeed    | 1.305s | deps: None
[2026-09-28-11:57:04.475] [INFO] [AscendProfiler_ProfilingParser:478] relation                  | PTHREAD         | Succeed    | 0.006s | deps: task_queue, timeline
[2026-09-28-11:57:04.475] [INFO] [AscendProfiler_ProfilingParser:478] memory_prepare            | PTHREAD         | Succeed    | 0.001s | deps: build_tree, task_queue, torch_op
[2026-09-28-11:57:04.475] [INFO] [AscendProfiler_ProfilingParser:478] analyze                   | SUB_PROCESS     | Succeed    | 1.054s | deps: timeline
[2026-09-28-11:57:04.475] [INFO] [AscendProfiler_ProfilingParser:478] operator                  | SUB_PROCESS     | Succeed    | 0.019s | deps: build_tree, timeline, relation, torch_op
[2026-09-28-11:57:04.475] [INFO] [AscendProfiler_ProfilingParser:478] trace                     | SUB_PROCESS     | Succeed    | 0.032s | deps: build_tree, trace_prepare, timeline, task_queue, torch_op
[2026-09-28-11:57:04.475] [INFO] [AscendProfiler_ProfilingParser:478] kernel                    | SUB_PROCESS     | Succeed    | 0.041s | deps: build_tree, export, relation
[2026-09-28-11:57:04.475] [INFO] [AscendProfiler_ProfilingParser:478] step_time                 | SUB_PROCESS     | Succeed    | 0.027s | deps: build_tree, timeline, relation, torch_op
[2026-09-28-11:57:04.475] [INFO] [AscendProfiler_ProfilingParser:478] memory                    | SUB_PROCESS     | Succeed    | 0.015s | deps: export, memory_prepare
[2026-09-28-11:57:04.475] [INFO] [AscendProfiler_ProfilingParser:478] integrate                 | SUB_PROCESS     | Succeed    | 0.024s | deps: export
[2026-09-28-11:57:04.475] [INFO] [AscendProfiler_ProfilingParser:478] communication             | SUB_PROCESS     | Succeed    | 0.016s | deps: build_tree, analyze, relation
[2026-09-28-11:57:04.475] [INFO] [AscendProfiler_ProfilingParser:478] db_prepare                | PTHREAD         | Succeed    | 0.020s | deps: torch_op, task_queue
[2026-09-28-11:57:04.475] [INFO] [AscendProfiler_ProfilingParser:478] torch_db                  | PTHREAD         | Succeed    | 0.027s | deps: export, memory_prepare, build_tree, analyze, db_prepare
