[2026-09-28-16:37:09.508] [INFO] [AscendProfiler_ProfilingParser:97] Profiler logger initialized at: /data/tianchi/practice_22_stream_lifecycle/results/2026-09-28-sampling-on-run01/profiler/rank0_1111683_20260928163708219_ascend_pt/logs/profiler_20260928163709_1113297_ProfilingParser.log
[2026-09-28-16:37:09.549] [INFO] [AscendProfiler_ProfilingParser:100] TorchOpParser start.
[2026-09-28-16:37:09.550] [INFO] [AscendProfiler_ProfilingParser:82] TaskQueueParser start.
[2026-09-28-16:37:09.578] [INFO] [AscendProfiler_ProfilingParser:162] CANNTimelineParser start.
[2026-09-28-16:37:10.214] [INFO] [AscendProfiler_ProfilingParser:106] TorchOpParser finish.
[2026-09-28-16:37:10.557] [INFO] [AscendProfiler_ProfilingParser:88] TaskQueueParser finish.
[2026-09-28-16:37:10.558] [INFO] [AscendProfiler_ProfilingParser:62] TreeBuildParser start.
[2026-09-28-16:37:10.584] [INFO] [AscendProfiler_ProfilingParser:118] DbPreParser start.
[2026-09-28-16:37:12.434] [INFO] [AscendProfiler_ProfilingParser:172] CANNTimelineParser finish.
[2026-09-28-16:37:12.560] [INFO] [AscendProfiler_ProfilingParser:70] TreeBuildParser finish.
[2026-09-28-16:37:12.576] [INFO] [AscendProfiler_ProfilingParser:31] RelationParser start.
[2026-09-28-16:37:12.648] [INFO] [AscendProfiler_ProfilingParser:62] MemoryPrepareParser start.
[2026-09-28-16:37:13.458] [INFO] [AscendProfiler_ProfilingParser:129] DbPreParser finish.
[2026-09-28-16:37:13.536] [INFO] [AscendProfiler_ProfilingParser:38] RelationParser finish.
[2026-09-28-16:37:13.604] [INFO] [AscendProfiler_ProfilingParser:75] MemoryPrepareParser finish.
[2026-09-28-16:37:13.680] [INFO] [AscendProfiler_ProfilingParser:40] DbParser start.
[2026-09-28-16:37:13.705] [INFO] [AscendProfiler_ProfilingParser:27] BasicDbParser start.
[2026-09-28-16:37:13.719] [INFO] [AscendProfiler_ProfilingParser:40] BasicDbParser finish.
[2026-09-28-16:37:13.719] [INFO] [AscendProfiler_ProfilingParser:27] FwkApiDbParser start.
[2026-09-28-16:37:13.720] [INFO] [AscendProfiler_ProfilingParser:32] FwkApiDbParser get fwk api data finish.
[2026-09-28-16:37:13.822] [INFO] [AscendProfiler_ProfilingParser:34] FwkApiDbParser get api data for db finish.
[2026-09-28-16:37:13.910] [INFO] [AscendProfiler_ProfilingParser:36] FwkApiDbParser save api data to db finish.
[2026-09-28-16:37:13.910] [INFO] [AscendProfiler_ProfilingParser:40] FwkApiDbParser finish.
[2026-09-28-16:37:13.910] [INFO] [AscendProfiler_ProfilingParser:82] MemoryDbParser start.
[2026-09-28-16:37:13.911] [INFO] [AscendProfiler_ProfilingParser:95] MemoryDbParser finish.
[2026-09-28-16:37:13.911] [INFO] [AscendProfiler_ProfilingParser:33] GCRecordDbParser start.
[2026-09-28-16:37:13.911] [INFO] [AscendProfiler_ProfilingParser:41] GCRecordDbParser finish.
[2026-09-28-16:37:13.912] [INFO] [AscendProfiler_ProfilingParser:36] StepInfoDbParser start.
[2026-09-28-16:37:13.928] [INFO] [AscendProfiler_ProfilingParser:43] StepInfoDbParser finish.
[2026-09-28-16:37:13.928] [INFO] [AscendProfiler_ProfilingParser:80] CommunicationDbParser start.
[2026-09-28-16:37:13.930] [INFO] [AscendProfiler_ProfilingParser:88] CommunicationDbParser finish.
[2026-09-28-16:37:13.930] [INFO] [AscendProfiler_ProfilingParser:74] TraceStepTimeDbParser start.
[2026-09-28-16:37:14.051] [INFO] [AscendProfiler_ProfilingParser:83] TraceStepTimeDbParser finish.
[2026-09-28-16:37:14.052] [INFO] [AscendProfiler_ProfilingParser:64] DbParser finish.
[2026-09-28-16:37:15.290] [INFO] [AscendProfiler_ProfilingParser:473] ============================================================
[2026-09-28-16:37:15.290] [INFO] [AscendProfiler_ProfilingParser:474] Task execution completed
[2026-09-28-16:37:15.290] [INFO] [AscendProfiler_ProfilingParser:475] ============================================================
[2026-09-28-16:37:15.290] [INFO] [AscendProfiler_ProfilingParser:478] torch_op                  | PTHREAD         | Succeed    | 0.685s | deps: None
[2026-09-28-16:37:15.290] [INFO] [AscendProfiler_ProfilingParser:478] task_queue                | PTHREAD         | Succeed    | 1.008s | deps: None
[2026-09-28-16:37:15.291] [INFO] [AscendProfiler_ProfilingParser:478] trace_prepare             | SUB_PROCESS     | Succeed    | 2.064s | deps: torch_op, task_queue
[2026-09-28-16:37:15.291] [INFO] [AscendProfiler_ProfilingParser:478] build_tree                | PTHREAD         | Succeed    | 2.075s | deps: torch_op, task_queue
[2026-09-28-16:37:15.291] [INFO] [AscendProfiler_ProfilingParser:478] export                    | SUB_PROCESS     | Succeed    | 3.083s | deps: None
[2026-09-28-16:37:15.291] [INFO] [AscendProfiler_ProfilingParser:478] timeline                  | PTHREAD|NON_BLOCKING | Succeed    | 2.880s | deps: None
[2026-09-28-16:37:15.291] [INFO] [AscendProfiler_ProfilingParser:478] relation                  | PTHREAD         | Succeed    | 1.092s | deps: task_queue, timeline
[2026-09-28-16:37:15.291] [INFO] [AscendProfiler_ProfilingParser:478] memory_prepare            | PTHREAD         | Succeed    | 1.022s | deps: build_tree, task_queue, torch_op
[2026-09-28-16:37:15.291] [INFO] [AscendProfiler_ProfilingParser:478] analyze                   | SUB_PROCESS     | Succeed    | 1.073s | deps: timeline
[2026-09-28-16:37:15.291] [INFO] [AscendProfiler_ProfilingParser:478] operator                  | SUB_PROCESS     | Succeed    | 1.207s | deps: build_tree, timeline, relation, torch_op
[2026-09-28-16:37:15.291] [INFO] [AscendProfiler_ProfilingParser:478] trace                     | SUB_PROCESS     | Succeed    | 0.772s | deps: build_tree, trace_prepare, timeline, task_queue, torch_op
[2026-09-28-16:37:15.291] [INFO] [AscendProfiler_ProfilingParser:478] kernel                    | SUB_PROCESS     | Succeed    | 0.198s | deps: build_tree, export, relation
[2026-09-28-16:37:15.292] [INFO] [AscendProfiler_ProfilingParser:478] step_time                 | SUB_PROCESS     | Succeed    | 0.528s | deps: build_tree, timeline, relation, torch_op
[2026-09-28-16:37:15.292] [INFO] [AscendProfiler_ProfilingParser:478] memory                    | SUB_PROCESS     | Succeed    | 0.049s | deps: export, memory_prepare
[2026-09-28-16:37:15.292] [INFO] [AscendProfiler_ProfilingParser:478] integrate                 | SUB_PROCESS     | Succeed    | 0.055s | deps: export
[2026-09-28-16:37:15.292] [INFO] [AscendProfiler_ProfilingParser:478] communication             | SUB_PROCESS     | Succeed    | 0.036s | deps: build_tree, analyze, relation
[2026-09-28-16:37:15.292] [INFO] [AscendProfiler_ProfilingParser:478] db_prepare                | PTHREAD         | Succeed    | 2.963s | deps: torch_op, task_queue
[2026-09-28-16:37:15.292] [INFO] [AscendProfiler_ProfilingParser:478] torch_db                  | PTHREAD         | Succeed    | 0.373s | deps: export, memory_prepare, build_tree, analyze, db_prepare
