[2026-09-28-16:34:44.002] [INFO] [AscendProfiler_ProfilingParser:97] Profiler logger initialized at: /data/tianchi/practice_22_stream_lifecycle/results/2026-09-28-sampling-off-run01/profiler/rank0_1109292_20260928163442715_ascend_pt/logs/profiler_20260928163444_1110892_ProfilingParser.log
[2026-09-28-16:34:44.043] [INFO] [AscendProfiler_ProfilingParser:100] TorchOpParser start.
[2026-09-28-16:34:44.044] [INFO] [AscendProfiler_ProfilingParser:82] TaskQueueParser start.
[2026-09-28-16:34:44.070] [INFO] [AscendProfiler_ProfilingParser:162] CANNTimelineParser start.
[2026-09-28-16:34:44.703] [INFO] [AscendProfiler_ProfilingParser:106] TorchOpParser finish.
[2026-09-28-16:34:45.053] [INFO] [AscendProfiler_ProfilingParser:88] TaskQueueParser finish.
[2026-09-28-16:34:45.054] [INFO] [AscendProfiler_ProfilingParser:118] DbPreParser start.
[2026-09-28-16:34:45.081] [INFO] [AscendProfiler_ProfilingParser:62] TreeBuildParser start.
[2026-09-28-16:34:46.835] [INFO] [AscendProfiler_ProfilingParser:172] CANNTimelineParser finish.
[2026-09-28-16:34:47.127] [INFO] [AscendProfiler_ProfilingParser:31] RelationParser start.
[2026-09-28-16:34:47.342] [INFO] [AscendProfiler_ProfilingParser:70] TreeBuildParser finish.
[2026-09-28-16:34:47.466] [INFO] [AscendProfiler_ProfilingParser:62] MemoryPrepareParser start.
[2026-09-28-16:34:47.846] [INFO] [AscendProfiler_ProfilingParser:129] DbPreParser finish.
[2026-09-28-16:34:48.060] [INFO] [AscendProfiler_ProfilingParser:38] RelationParser finish.
[2026-09-28-16:34:48.227] [INFO] [AscendProfiler_ProfilingParser:75] MemoryPrepareParser finish.
[2026-09-28-16:34:48.255] [INFO] [AscendProfiler_ProfilingParser:40] DbParser start.
[2026-09-28-16:34:48.284] [INFO] [AscendProfiler_ProfilingParser:27] BasicDbParser start.
[2026-09-28-16:34:48.299] [INFO] [AscendProfiler_ProfilingParser:40] BasicDbParser finish.
[2026-09-28-16:34:48.299] [INFO] [AscendProfiler_ProfilingParser:27] FwkApiDbParser start.
[2026-09-28-16:34:48.299] [INFO] [AscendProfiler_ProfilingParser:32] FwkApiDbParser get fwk api data finish.
[2026-09-28-16:34:48.401] [INFO] [AscendProfiler_ProfilingParser:34] FwkApiDbParser get api data for db finish.
[2026-09-28-16:34:48.492] [INFO] [AscendProfiler_ProfilingParser:36] FwkApiDbParser save api data to db finish.
[2026-09-28-16:34:48.492] [INFO] [AscendProfiler_ProfilingParser:40] FwkApiDbParser finish.
[2026-09-28-16:34:48.492] [INFO] [AscendProfiler_ProfilingParser:82] MemoryDbParser start.
[2026-09-28-16:34:48.493] [INFO] [AscendProfiler_ProfilingParser:95] MemoryDbParser finish.
[2026-09-28-16:34:48.493] [INFO] [AscendProfiler_ProfilingParser:33] GCRecordDbParser start.
[2026-09-28-16:34:48.494] [INFO] [AscendProfiler_ProfilingParser:41] GCRecordDbParser finish.
[2026-09-28-16:34:48.494] [INFO] [AscendProfiler_ProfilingParser:36] StepInfoDbParser start.
[2026-09-28-16:34:48.510] [INFO] [AscendProfiler_ProfilingParser:43] StepInfoDbParser finish.
[2026-09-28-16:34:48.510] [INFO] [AscendProfiler_ProfilingParser:80] CommunicationDbParser start.
[2026-09-28-16:34:48.512] [INFO] [AscendProfiler_ProfilingParser:88] CommunicationDbParser finish.
[2026-09-28-16:34:48.513] [INFO] [AscendProfiler_ProfilingParser:74] TraceStepTimeDbParser start.
[2026-09-28-16:34:48.634] [INFO] [AscendProfiler_ProfilingParser:83] TraceStepTimeDbParser finish.
[2026-09-28-16:34:48.634] [INFO] [AscendProfiler_ProfilingParser:64] DbParser finish.
[2026-09-28-16:34:49.865] [INFO] [AscendProfiler_ProfilingParser:473] ============================================================
[2026-09-28-16:34:49.866] [INFO] [AscendProfiler_ProfilingParser:474] Task execution completed
[2026-09-28-16:34:49.866] [INFO] [AscendProfiler_ProfilingParser:475] ============================================================
[2026-09-28-16:34:49.866] [INFO] [AscendProfiler_ProfilingParser:478] torch_op                  | PTHREAD         | Succeed    | 0.681s | deps: None
[2026-09-28-16:34:49.866] [INFO] [AscendProfiler_ProfilingParser:478] task_queue                | PTHREAD         | Succeed    | 1.010s | deps: None
[2026-09-28-16:34:49.866] [INFO] [AscendProfiler_ProfilingParser:478] trace_prepare             | SUB_PROCESS     | Succeed    | 2.099s | deps: torch_op, task_queue
[2026-09-28-16:34:49.866] [INFO] [AscendProfiler_ProfilingParser:478] build_tree                | PTHREAD         | Succeed    | 2.361s | deps: torch_op, task_queue
[2026-09-28-16:34:49.866] [INFO] [AscendProfiler_ProfilingParser:478] export                    | SUB_PROCESS     | Succeed    | 3.125s | deps: None
[2026-09-28-16:34:49.866] [INFO] [AscendProfiler_ProfilingParser:478] timeline                  | PTHREAD|NON_BLOCKING | Succeed    | 2.796s | deps: None
[2026-09-28-16:34:49.867] [INFO] [AscendProfiler_ProfilingParser:478] relation                  | PTHREAD         | Succeed    | 0.974s | deps: task_queue, timeline
[2026-09-28-16:34:49.867] [INFO] [AscendProfiler_ProfilingParser:478] memory_prepare            | PTHREAD         | Succeed    | 0.813s | deps: build_tree, task_queue, torch_op
[2026-09-28-16:34:49.867] [INFO] [AscendProfiler_ProfilingParser:478] analyze                   | SUB_PROCESS     | Succeed    | 1.360s | deps: timeline
[2026-09-28-16:34:49.867] [INFO] [AscendProfiler_ProfilingParser:478] operator                  | SUB_PROCESS     | Succeed    | 1.199s | deps: build_tree, timeline, relation, torch_op
[2026-09-28-16:34:49.867] [INFO] [AscendProfiler_ProfilingParser:478] trace                     | SUB_PROCESS     | Succeed    | 0.816s | deps: build_tree, trace_prepare, timeline, task_queue, torch_op
[2026-09-28-16:34:49.867] [INFO] [AscendProfiler_ProfilingParser:478] kernel                    | SUB_PROCESS     | Succeed    | 0.227s | deps: build_tree, export, relation
[2026-09-28-16:34:49.867] [INFO] [AscendProfiler_ProfilingParser:478] step_time                 | SUB_PROCESS     | Succeed    | 0.553s | deps: build_tree, timeline, relation, torch_op
[2026-09-28-16:34:49.867] [INFO] [AscendProfiler_ProfilingParser:478] memory                    | SUB_PROCESS     | Succeed    | 0.041s | deps: export, memory_prepare
[2026-09-28-16:34:49.867] [INFO] [AscendProfiler_ProfilingParser:478] integrate                 | SUB_PROCESS     | Succeed    | 0.153s | deps: export
[2026-09-28-16:34:49.867] [INFO] [AscendProfiler_ProfilingParser:478] communication             | SUB_PROCESS     | Succeed    | 0.057s | deps: build_tree, analyze, relation
[2026-09-28-16:34:49.867] [INFO] [AscendProfiler_ProfilingParser:478] db_prepare                | PTHREAD         | Succeed    | 2.818s | deps: torch_op, task_queue
[2026-09-28-16:34:49.868] [INFO] [AscendProfiler_ProfilingParser:478] torch_db                  | PTHREAD         | Succeed    | 0.380s | deps: export, memory_prepare, build_tree, analyze, db_prepare
